Archive member included to satisfy reference by file (symbol)

C:\Users\Hans\Documents\MCUXpressoIDE_10.1.1_606\workspace\lpc54018iotmodule_aws_examples_aws_shadow_wifi_qspi_xip\libs\libpower_hardabi.a(fsl_power_lib.o)
                              ./drivers/fsl_clock.o (POWER_SetVoltageForFreq)
c:/nxp/mcuxpressoide_10.1.1_606/ide/tools/bin/../lib/gcc/arm-none-eabi/6.3.1/../../../../arm-none-eabi/lib/thumb/v7e-m/fpv4-sp/hard\libcr_semihost_nf.a(_cr__main.o)
                              ./startup/startup_lpc54018.o (__main)
c:/nxp/mcuxpressoide_10.1.1_606/ide/tools/bin/../lib/gcc/arm-none-eabi/6.3.1/../../../../arm-none-eabi/lib/thumb/v7e-m/fpv4-sp/hard\libcr_semihost_nf.a(_cr_assert.o)
                              ./wifi_qca/port/shields/wifi_shield.o (__assertion_failed)
c:/nxp/mcuxpressoide_10.1.1_606/ide/tools/bin/../lib/gcc/arm-none-eabi/6.3.1/../../../../arm-none-eabi/lib/thumb/v7e-m/fpv4-sp/hard\libcr_semihost_nf.a(__ciob.o)
                              c:/nxp/mcuxpressoide_10.1.1_606/ide/tools/bin/../lib/gcc/arm-none-eabi/6.3.1/../../../../arm-none-eabi/lib/thumb/v7e-m/fpv4-sp/hard\libcr_semihost_nf.a(_cr_assert.o) (__Ciob)
c:/nxp/mcuxpressoide_10.1.1_606/ide/tools/bin/../lib/gcc/arm-none-eabi/6.3.1/../../../../arm-none-eabi/lib/thumb/v7e-m/fpv4-sp/hard\libcr_semihost_nf.a(__sys_appexit.o)
                              c:/nxp/mcuxpressoide_10.1.1_606/ide/tools/bin/../lib/gcc/arm-none-eabi/6.3.1/../../../../arm-none-eabi/lib/thumb/v7e-m/fpv4-sp/hard\libcr_semihost_nf.a(_cr_assert.o) (__sys_appexit)
c:/nxp/mcuxpressoide_10.1.1_606/ide/tools/bin/../lib/gcc/arm-none-eabi/6.3.1/../../../../arm-none-eabi/lib/thumb/v7e-m/fpv4-sp/hard\libcr_c.a(memcpy.o)
                              ./wifi_qca/custom_src/stack_custom/cust_api_stack_offload.o (memcpy)
c:/nxp/mcuxpressoide_10.1.1_606/ide/tools/bin/../lib/gcc/arm-none-eabi/6.3.1/../../../../arm-none-eabi/lib/thumb/v7e-m/fpv4-sp/hard\libcr_c.a(memmove.o)
                              ./wifi_qca/custom_src/stack_custom/cust_api_stack_offload.o (memmove)
c:/nxp/mcuxpressoide_10.1.1_606/ide/tools/bin/../lib/gcc/arm-none-eabi/6.3.1/../../../../arm-none-eabi/lib/thumb/v7e-m/fpv4-sp/hard\libcr_c.a(memset.o)
                              ./wifi_qca/port/shields/wifi_shield.o (memset)
c:/nxp/mcuxpressoide_10.1.1_606/ide/tools/bin/../lib/gcc/arm-none-eabi/6.3.1/../../../../arm-none-eabi/lib/thumb/v7e-m/fpv4-sp/hard\libcr_c.a(_deferredlazyseek.o)
                              c:/nxp/mcuxpressoide_10.1.1_606/ide/tools/bin/../lib/gcc/arm-none-eabi/6.3.1/../../../../arm-none-eabi/lib/thumb/v7e-m/fpv4-sp/hard\libcr_semihost_nf.a(_cr_assert.o) (__flsbuf)
c:/nxp/mcuxpressoide_10.1.1_606/ide/tools/bin/../lib/gcc/arm-none-eabi/6.3.1/../../../../arm-none-eabi/lib/thumb/v7e-m/fpv4-sp/hard\libcr_c.a(_fflush.o)
                              c:/nxp/mcuxpressoide_10.1.1_606/ide/tools/bin/../lib/gcc/arm-none-eabi/6.3.1/../../../../arm-none-eabi/lib/thumb/v7e-m/fpv4-sp/hard\libcr_c.a(_deferredlazyseek.o) (_fflush)
c:/nxp/mcuxpressoide_10.1.1_606/ide/tools/bin/../lib/gcc/arm-none-eabi/6.3.1/../../../../arm-none-eabi/lib/thumb/v7e-m/fpv4-sp/hard\libcr_c.a(_writebuf.o)
                              c:/nxp/mcuxpressoide_10.1.1_606/ide/tools/bin/../lib/gcc/arm-none-eabi/6.3.1/../../../../arm-none-eabi/lib/thumb/v7e-m/fpv4-sp/hard\libcr_c.a(_deferredlazyseek.o) (_Cwritebuf)
c:/nxp/mcuxpressoide_10.1.1_606/ide/tools/bin/../lib/gcc/arm-none-eabi/6.3.1/../../../../arm-none-eabi/lib/thumb/v7e-m/fpv4-sp/hard\libcr_c.a(alloc.o)
                              c:/nxp/mcuxpressoide_10.1.1_606/ide/tools/bin/../lib/gcc/arm-none-eabi/6.3.1/../../../../arm-none-eabi/lib/thumb/v7e-m/fpv4-sp/hard\libcr_c.a(_deferredlazyseek.o) (_Csys_alloc)
c:/nxp/mcuxpressoide_10.1.1_606/ide/tools/bin/../lib/gcc/arm-none-eabi/6.3.1/../../../../arm-none-eabi/lib/thumb/v7e-m/fpv4-sp/hard\libcr_c.a(fputs.o)
                              c:/nxp/mcuxpressoide_10.1.1_606/ide/tools/bin/../lib/gcc/arm-none-eabi/6.3.1/../../../../arm-none-eabi/lib/thumb/v7e-m/fpv4-sp/hard\libcr_semihost_nf.a(_cr_assert.o) (fputs)
c:/nxp/mcuxpressoide_10.1.1_606/ide/tools/bin/../lib/gcc/arm-none-eabi/6.3.1/../../../../arm-none-eabi/lib/thumb/v7e-m/fpv4-sp/hard\libcr_c.a(fseek.o)
                              c:/nxp/mcuxpressoide_10.1.1_606/ide/tools/bin/../lib/gcc/arm-none-eabi/6.3.1/../../../../arm-none-eabi/lib/thumb/v7e-m/fpv4-sp/hard\libcr_c.a(_deferredlazyseek.o) (fseek)
c:/nxp/mcuxpressoide_10.1.1_606/ide/tools/bin/../lib/gcc/arm-none-eabi/6.3.1/../../../../arm-none-eabi/lib/thumb/v7e-m/fpv4-sp/hard\libcr_c.a(ftell.o)
                              c:/nxp/mcuxpressoide_10.1.1_606/ide/tools/bin/../lib/gcc/arm-none-eabi/6.3.1/../../../../arm-none-eabi/lib/thumb/v7e-m/fpv4-sp/hard\libcr_c.a(fseek.o) (ftell)
c:/nxp/mcuxpressoide_10.1.1_606/ide/tools/bin/../lib/gcc/arm-none-eabi/6.3.1/../../../../arm-none-eabi/lib/thumb/v7e-m/fpv4-sp/hard\libcr_c.a(initio.o)
[...]
Memory Configuration

Name             Origin             Length             Attributes
BOARD_FLASH      0x10000000         0x01000000         xr
SRAMX            0x00000000         0x00030000         xrw
SRAM_0_1_2_3     0x20000000         0x00028000         xrw
USB_RAM          0x40100000         0x00002000         xrw
*default*        0x00000000         0xffffffff

Linker script and memory map

LOAD ./wifi_qca/port/shields/wifi_shield.o
LOAD ./wifi_qca/port/env/freertos/wifi_env.o
LOAD ./wifi_qca/port/drivers/flexcomm_freertos/wifi_spi.o
LOAD ./wifi_qca/custom_src/stack_custom/cust_api_stack_offload.o
LOAD ./wifi_qca/custom_src/stack_custom/cust_api_stack_txrx.o
LOAD ./wifi_qca/custom_src/qapi/custom_qcom_api.o
LOAD ./wifi_qca/custom_src/hw_interface/cust_spi_hcd.o
LOAD ./wifi_qca/custom_src/driver/cust_driver_main.o
LOAD ./wifi_qca/custom_src/driver/cust_driver_netbuf.o
LOAD ./wifi_qca/custom_src/api_interface/cust_api_init.o
LOAD ./wifi_qca/custom_src/api_interface/cust_api_ioctl.o
LOAD ./wifi_qca/custom_src/api_interface/cust_api_txrx.o
LOAD ./wifi_qca/custom_src/api_interface/cust_api_wmi_rx.o
LOAD ./wifi_qca/common_src/wmi/wmi.o
LOAD ./wifi_qca/common_src/util/util.o
LOAD ./wifi_qca/common_src/storerecall/dset.o
LOAD ./wifi_qca/common_src/storerecall/storerecall.o
LOAD ./wifi_qca/common_src/stack_common/dset_api.o
LOAD ./wifi_qca/common_src/reorder/rcv_aggr.o
LOAD ./wifi_qca/common_src/qapi/api_stack_offload.o
LOAD ./wifi_qca/common_src/qapi/qcom_api.o
LOAD ./wifi_qca/common_src/qapi/qcom_dns.o
LOAD ./wifi_qca/common_src/qapi/qcom_legacy.o
LOAD ./wifi_qca/common_src/hw_interface/hw_api.o
LOAD ./wifi_qca/common_src/htc/htc.o
LOAD ./wifi_qca/common_src/htc/spi_hcd.o
LOAD ./wifi_qca/common_src/driver/driver_diag.o
LOAD ./wifi_qca/common_src/driver/driver_init.o
LOAD ./wifi_qca/common_src/driver/driver_main.o
LOAD ./wifi_qca/common_src/driver/driver_netbuf.o
LOAD ./wifi_qca/common_src/driver/driver_txrx.o
LOAD ./wifi_qca/common_src/bmi/bmi.o
LOAD ./wifi_qca/common_src/api_interface/api_init.o
LOAD ./wifi_qca/common_src/api_interface/api_ioctl.o
LOAD ./wifi_qca/common_src/api_interface/api_txrx.o
LOAD ./wifi_qca/common_src/api_interface/api_wmi_rx.o
LOAD ./utilities/fsl_assert.o
LOAD ./utilities/fsl_debug_console.o
LOAD ./utilities/fsl_io.o
LOAD ./utilities/fsl_log.o
LOAD ./utilities/fsl_str.o
LOAD ./utilities/usb_device_cdc_acm.o
LOAD ./utilities/usb_device_ch9.o
LOAD ./utilities/usb_device_descriptor.o
LOAD ./utilities/virtual_com.o
LOAD ./usb/device/source/lpcip3511/usb_device_lpcip3511.o
LOAD ./usb/device/source/usb_device_dci.o
LOAD ./startup/startup_lpc54018.o
LOAD ./source/aws_shadow_lightbulb_on_off.o
LOAD ./source/main.o
LOAD ./source/semihost_hardfault.o
LOAD ./osa/usb_osa_freertos.o
LOAD ./mbedTLS/port/ksdk/des_alt.o
LOAD ./mbedTLS/port/ksdk/ksdk_mbedtls.o
LOAD ./mbedTLS/library/aes.o
LOAD ./mbedTLS/library/aesni.o
LOAD ./mbedTLS/library/arc4.o
LOAD ./mbedTLS/library/asn1parse.o
LOAD ./mbedTLS/library/asn1write.o
LOAD ./mbedTLS/library/base64.o
LOAD ./mbedTLS/library/bignum.o
LOAD ./mbedTLS/library/blowfish.o
LOAD ./mbedTLS/library/camellia.o
LOAD ./mbedTLS/library/ccm.o
LOAD ./mbedTLS/library/certs.o
LOAD ./mbedTLS/library/cipher.o
LOAD ./mbedTLS/library/cipher_wrap.o
LOAD ./mbedTLS/library/cmac.o
LOAD ./mbedTLS/library/ctr_drbg.o
LOAD ./mbedTLS/library/debug.o
LOAD ./mbedTLS/library/des.o
LOAD ./mbedTLS/library/dhm.o
LOAD ./mbedTLS/library/ecdh.o
LOAD ./mbedTLS/library/ecdsa.o
LOAD ./mbedTLS/library/ecjpake.o
LOAD ./mbedTLS/library/ecp.o
LOAD ./mbedTLS/library/ecp_curves.o
LOAD ./mbedTLS/library/entropy.o
LOAD ./mbedTLS/library/entropy_poll.o
LOAD ./mbedTLS/library/error.o
LOAD ./mbedTLS/library/gcm.o
LOAD ./mbedTLS/library/havege.o
LOAD ./mbedTLS/library/hmac_drbg.o
LOAD ./mbedTLS/library/md.o
LOAD ./mbedTLS/library/md2.o
LOAD ./mbedTLS/library/md4.o
LOAD ./mbedTLS/library/md5.o
LOAD ./mbedTLS/library/md_wrap.o
LOAD ./mbedTLS/library/memory_buffer_alloc.o
LOAD ./mbedTLS/library/net_sockets.o
LOAD ./mbedTLS/library/oid.o
LOAD ./mbedTLS/library/padlock.o
LOAD ./mbedTLS/library/pem.o
LOAD ./mbedTLS/library/pk.o
LOAD ./mbedTLS/library/pk_wrap.o
LOAD ./mbedTLS/library/pkcs12.o
LOAD ./mbedTLS/library/pkcs5.o
LOAD ./mbedTLS/library/pkparse.o
LOAD ./mbedTLS/library/pkwrite.o
LOAD ./mbedTLS/library/platform.o
LOAD ./mbedTLS/library/ripemd160.o
LOAD ./mbedTLS/library/rsa.o
LOAD ./mbedTLS/library/sha1.o
LOAD ./mbedTLS/library/sha256.o
LOAD ./mbedTLS/library/sha512.o
LOAD ./mbedTLS/library/ssl_cache.o
LOAD ./mbedTLS/library/ssl_ciphersuites.o
LOAD ./mbedTLS/library/ssl_cli.o
LOAD ./mbedTLS/library/ssl_cookie.o
LOAD ./mbedTLS/library/ssl_srv.o
LOAD ./mbedTLS/library/ssl_ticket.o
LOAD ./mbedTLS/library/ssl_tls.o
LOAD ./mbedTLS/library/threading.o
LOAD ./mbedTLS/library/timing.o
LOAD ./mbedTLS/library/version.o
LOAD ./mbedTLS/library/version_features.o
LOAD ./mbedTLS/library/x509.o
LOAD ./mbedTLS/library/x509_create.o
LOAD ./mbedTLS/library/x509_crl.o
LOAD ./mbedTLS/library/x509_crt.o
LOAD ./mbedTLS/library/x509_csr.o
LOAD ./mbedTLS/library/x509write_crt.o
LOAD ./mbedTLS/library/x509write_csr.o
LOAD ./mbedTLS/library/xtea.o
LOAD ./drivers/fsl_clock.o
LOAD ./drivers/fsl_common.o
LOAD ./drivers/fsl_dma.o
LOAD ./drivers/fsl_emc.o
LOAD ./drivers/fsl_flexcomm.o
LOAD ./drivers/fsl_gpio.o
LOAD ./drivers/fsl_inputmux.o
LOAD ./drivers/fsl_pint.o
LOAD ./drivers/fsl_power.o
LOAD ./drivers/fsl_reset.o
LOAD ./drivers/fsl_sha.o
LOAD ./drivers/fsl_spi.o
LOAD ./drivers/fsl_spi_dma.o
LOAD ./drivers/fsl_spifi.o
LOAD ./drivers/fsl_usart.o
LOAD ./board/board.o
LOAD ./board/clock_config.o
LOAD ./board/pin_mux.o
LOAD ./amazon-freertos/wifi/aws_wifi.o
LOAD ./amazon-freertos/utils/aws_system_init.o
LOAD ./amazon-freertos/tls/aws_tls.o
LOAD ./amazon-freertos/third_party/jsmn/jsmn.o
LOAD ./amazon-freertos/shadow/aws_shadow.o
LOAD ./amazon-freertos/shadow/aws_shadow_json.o
LOAD ./amazon-freertos/secure_sockets/aws_secure_sockets.o
LOAD ./amazon-freertos/portable/fsl_tickless_systick.o
LOAD ./amazon-freertos/pkcs11/pkcs11.o
LOAD ./amazon-freertos/mqtt/aws_mqtt_agent.o
LOAD ./amazon-freertos/mqtt/aws_mqtt_lib.o
LOAD ./amazon-freertos/logging/aws_logging_task_dynamic_buffers.o
LOAD ./amazon-freertos/drivers/mflash_drv.o
LOAD ./amazon-freertos/drivers/mflash_file.o
LOAD ./amazon-freertos/devmode_key_provisioning/aws_dev_mode_key_provisioning.o
LOAD ./amazon-freertos/crypto/aws_crypto.o
LOAD ./amazon-freertos/bufferpool/aws_bufferpool_static_thread_safe.o
LOAD ./amazon-freertos/FreeRTOS/portable/heap_4.o
LOAD ./amazon-freertos/FreeRTOS/portable/port.o
LOAD ./amazon-freertos/FreeRTOS/event_groups.o
LOAD ./amazon-freertos/FreeRTOS/list.o
LOAD ./amazon-freertos/FreeRTOS/queue.o
LOAD ./amazon-freertos/FreeRTOS/stream_buffer.o
LOAD ./amazon-freertos/FreeRTOS/tasks.o
LOAD ./amazon-freertos/FreeRTOS/timers.o
LOAD ./CMSIS/system_LPC54018.o
LOAD C:\Users\Hans\Documents\MCUXpressoIDE_10.1.1_606\workspace\lpc54018iotmodule_aws_examples_aws_shadow_wifi_qspi_xip\libs\libpower_hardabi.a
START GROUP
LOAD c:/nxp/mcuxpressoide_10.1.1_606/ide/tools/bin/../lib/gcc/arm-none-eabi/6.3.1/../../../../arm-none-eabi/lib/thumb/v7e-m/fpv4-sp/hard\libcr_semihost_nf.a
LOAD c:/nxp/mcuxpressoide_10.1.1_606/ide/tools/bin/../lib/gcc/arm-none-eabi/6.3.1/../../../../arm-none-eabi/lib/thumb/v7e-m/fpv4-sp/hard\libcr_c.a
LOAD c:/nxp/mcuxpressoide_10.1.1_606/ide/tools/bin/../lib/gcc/arm-none-eabi/6.3.1/thumb/v7e-m/fpv4-sp/hard\libcr_eabihelpers.a
END GROUP
                0x10000000                __base_BOARD_FLASH = 0x10000000
                0x10000000                __base_Flash = 0x10000000
                0x11000000                __top_BOARD_FLASH = 0x11000000
                0x11000000                __top_Flash = 0x11000000
                0x00000000                __base_SRAMX = 0x0
                0x00000000                __base_RAM = 0x0
                0x00030000                __top_SRAMX = 0x30000
                0x00030000                __top_RAM = 0x30000
                0x20000000                __base_SRAM_0_1_2_3 = 0x20000000
                0x20000000                __base_RAM2 = 0x20000000
                0x20028000                __top_SRAM_0_1_2_3 = 0x20028000
                0x20028000                __top_RAM2 = 0x20028000
                0x40100000                __base_USB_RAM = 0x40100000
                0x40100000                __base_RAM3 = 0x40100000
                0x40102000                __top_USB_RAM = 0x40102000
                0x40102000                __top_RAM3 = 0x40102000

.text           0x10000000    0x4a418
 FILL mask 0xff
                0x10000000                __vectors_start__ = ABSOLUTE (.)
 *(.isr_vector)
 .isr_vector    0x10000000      0x1c4 ./startup/startup_lpc54018.o
                0x10000000                g_pfnVectors
                0x10000000                __Vectors
                0x100001c4                . = ALIGN (0x4)
                0x100001c4                __section_table_start = .
                0x100001c4                __data_section_table = .
                0x100001c4        0x4 LONG 0x10057ed8 LOADADDR (.data)
                0x100001c8        0x4 LONG 0x0 ADDR (.data)
                0x100001cc        0x4 LONG 0x358 SIZEOF (.data)
                0x100001d0        0x4 LONG 0x1004a418 LOADADDR (.data_RAM2)
                0x100001d4        0x4 LONG 0x20000000 ADDR (.data_RAM2)
                0x100001d8        0x4 LONG 0xdac0 SIZEOF (.data_RAM2)
                0x100001dc        0x4 LONG 0x10057ed8 LOADADDR (.data_RAM3)
                0x100001e0        0x4 LONG 0x401015b0 ADDR (.data_RAM3)
                0x100001e4        0x4 LONG 0x0 SIZEOF (.data_RAM3)
                0x100001e8                __data_section_table_end = .
                0x100001e8                __bss_section_table = .
                0x100001e8        0x4 LONG 0x400 ADDR (.bss)
                0x100001ec        0x4 LONG 0x1b9f8 SIZEOF (.bss)
                0x100001f0        0x4 LONG 0x2000dac0 ADDR (.bss_RAM2)
                0x100001f4        0x4 LONG 0x0 SIZEOF (.bss_RAM2)
                0x100001f8        0x4 LONG 0x401015b0 ADDR (.bss_RAM3)
                0x100001fc        0x4 LONG 0x0 SIZEOF (.bss_RAM3)
                0x10000200                __bss_section_table_end = .
                0x10000200                __section_table_end = .
 *(.after_vectors*)
 .after_vectors.init_data
                0x10000200       0x1e ./startup/startup_lpc54018.o
                0x10000200                data_init
 .after_vectors.init_bss
                0x1000021e       0x12 ./startup/startup_lpc54018.o
                0x1000021e                bss_init
 .after_vectors.reset
                0x10000230       0x58 ./startup/startup_lpc54018.o
                0x10000230                ResetISR
 .after_vectors
                0x10000288       0x14 ./startup/startup_lpc54018.o
                0x10000288                NMI_Handler
                0x1000028c                MemManage_Handler
                0x1000028e                BusFault_Handler
                0x10000290                UsageFault_Handler
                0x10000294                DebugMon_Handler
                0x1000029a                CTIMER2_DriverIRQHandler
                0x1000029a                SPIFI0_DriverIRQHandler
                0x1000029a                ETHERNET_DriverIRQHandler
                0x1000029a                IntDefaultHandler
                0x1000029a                USB0_DriverIRQHandler
                0x1000029a                FLEXCOMM10_DriverIRQHandler
                0x1000029a                MRT0_DriverIRQHandler
                0x1000029a                UTICK0_DriverIRQHandler
                0x1000029a                DMIC0_DriverIRQHandler
                0x1000029a                CAN1_IRQ0_DriverIRQHandler
                0x1000029a                Reserved47_DriverIRQHandler
                0x1000029a                ADC0_THCMP_DriverIRQHandler
                0x1000029a                CTIMER4_DriverIRQHandler
                0x1000029a                GINT1_DriverIRQHandler
                0x1000029a                CAN0_IRQ1_DriverIRQHandler
                0x1000029a                USB0_NEEDCLK_DriverIRQHandler
                0x1000029a                CAN0_IRQ0_DriverIRQHandler
                0x1000029a                CTIMER0_DriverIRQHandler
                0x1000029a                CTIMER1_DriverIRQHandler
                0x1000029a                ETHERNET_MACLP_DriverIRQHandler
                0x1000029a                CTIMER3_DriverIRQHandler
                0x1000029a                HWVAD0_DriverIRQHandler
                0x1000029a                RTC_DriverIRQHandler
                0x1000029a                LCD_DriverIRQHandler
                0x1000029a                RIT_DriverIRQHandler
                0x1000029a                ETHERNET_PMT_DriverIRQHandler
                0x1000029a                USB1_DriverIRQHandler
                0x1000029a                CAN1_IRQ1_DriverIRQHandler
                0x1000029a                ADC0_SEQA_DriverIRQHandler
                0x1000029a                USB1_NEEDCLK_DriverIRQHandler
                0x1000029a                Reserved68_DriverIRQHandler
                0x1000029a                SMARTCARD0_DriverIRQHandler
                0x1000029a                SDIO_DriverIRQHandler
                0x1000029a                SHA_DriverIRQHandler
                0x1000029a                GINT0_DriverIRQHandler
                0x1000029a                SMARTCARD1_DriverIRQHandler
                0x1000029a                ADC0_SEQB_DriverIRQHandler
                0x1000029a                WDT_BOD_DriverIRQHandler
                0x1000029a                SCT0_DriverIRQHandler
 *(EXCLUDE_FILE(*/bignum.o */fsl_spifi.o */mflash_drv.o) .text*)
 .text.__NVIC_EnableIRQ
                0x1000029c       0x34 ./wifi_qca/port/shields/wifi_shield.o
 .text.__NVIC_SetPriority
                0x100002d0       0x50 ./wifi_qca/port/shields/wifi_shield.o
 .text.CLOCK_EnableClock
                0x10000320       0x50 ./wifi_qca/port/shields/wifi_shield.o
 .text.GPIO_PinWrite
                0x10000370       0x24 ./wifi_qca/port/shields/wifi_shield.o
 .text.WIFISHIELD_Init
                0x10000394       0xc4 ./wifi_qca/port/shields/wifi_shield.o
                0x10000394                WIFISHIELD_Init
 .text.WIFISHIELD_InitDrivers
                0x10000458       0xac ./wifi_qca/port/shields/wifi_shield.o
                0x10000458                WIFISHIELD_InitDrivers
 .text.WIFISHIELD_DeinitDrivers
                0x10000504        0xc ./wifi_qca/port/shields/wifi_shield.o
                0x10000504                WIFISHIELD_DeinitDrivers
 .text.WIFISHIELD_PowerUp
                0x10000510       0x34 ./wifi_qca/port/shields/wifi_shield.o
                0x10000510                WIFISHIELD_PowerUp
 .text.WIFISHIELD_NotifyDriverTask
                0x10000544       0x26 ./wifi_qca/port/shields/wifi_shield.o
                0x10000544                WIFISHIELD_NotifyDriverTask
 *fill*         0x1000056a        0x2 ff
 .text.PINT_callback
                0x1000056c       0x30 ./wifi_qca/port/shields/wifi_shield.o
 .text.a_free   0x1000059c       0x1a ./wifi_qca/port/env/freertos/wifi_env.o
                0x1000059c                a_free
 *fill*         0x100005b6        0x2 ff
 .text.a_malloc
                0x100005b8       0x48 ./wifi_qca/port/env/freertos/wifi_env.o
                0x100005b8                a_malloc
 .text.a_mutex_init
                0x10000600       0x3c ./wifi_qca/port/env/freertos/wifi_env.o
                0x10000600                a_mutex_init
 .text.a_mutex_acquire
                0x1000063c       0x54 ./wifi_qca/port/env/freertos/wifi_env.o
                0x1000063c                a_mutex_acquire
 .text.a_mutex_release
                0x10000690       0x60 ./wifi_qca/port/env/freertos/wifi_env.o
                0x10000690                a_mutex_release
 .text.a_is_mutex_valid
                0x100006f0        0xc ./wifi_qca/port/env/freertos/wifi_env.o
                0x100006f0                a_is_mutex_valid
 .text.a_mutex_delete
                0x100006fc       0x3c ./wifi_qca/port/env/freertos/wifi_env.o
                0x100006fc                a_mutex_delete
 .text.a_event_delete
                0x10000738       0x2c ./wifi_qca/port/env/freertos/wifi_env.o
                0x10000738                a_event_delete
 .text.a_event_init
                0x10000764       0x48 ./wifi_qca/port/env/freertos/wifi_env.o
                0x10000764                a_event_init
 .text.a_event_clear
                0x100007ac       0x48 ./wifi_qca/port/env/freertos/wifi_env.o
                0x100007ac                a_event_clear
 .text.a_event_set
                0x100007f4       0x70 ./wifi_qca/port/env/freertos/wifi_env.o
                0x100007f4                a_event_set
 .text.a_event_wait
                0x10000864       0x78 ./wifi_qca/port/env/freertos/wifi_env.o
                0x10000864                a_event_wait
 .text.OSA_EnterCritical
                0x100008dc       0x7c ./wifi_qca/port/env/freertos/wifi_env.o
                0x100008dc                OSA_EnterCritical
 .text.OSA_ExitCritical
                0x10000958       0x68 ./wifi_qca/port/env/freertos/wifi_env.o
                0x10000958                OSA_ExitCritical
 .text.__NVIC_SetPriority
                0x100009c0       0x50 ./wifi_qca/port/drivers/flexcomm_freertos/wifi_spi.o
 .text.DMA_EnableChannel
                0x10000a10       0x60 ./wifi_qca/port/drivers/flexcomm_freertos/wifi_spi.o
 .text.DMA_SetChannelPriority
                0x10000a70       0x50 ./wifi_qca/port/drivers/flexcomm_freertos/wifi_spi.o
 .text.DMA_GetInstance
                0x10000ac0       0x50 ./wifi_qca/port/drivers/flexcomm_freertos/wifi_spi.o
 .text.SPI_DMA_MasterUserCallback
                0x10000b10       0x44 ./wifi_qca/port/drivers/flexcomm_freertos/wifi_spi.o
 .text.SPI_MasterUserCallback
                0x10000b54       0x44 ./wifi_qca/port/drivers/flexcomm_freertos/wifi_spi.o
 .text.WIFIDRVS_SPI_InitIRQMode
                0x10000b98       0x4c ./wifi_qca/port/drivers/flexcomm_freertos/wifi_spi.o
 .text.WIFIDRVS_SPI_InitDMAMode
                0x10000be4       0xc4 ./wifi_qca/port/drivers/flexcomm_freertos/wifi_spi.o
 .text.WIFIDRVS_SPI_InitPeriph
                0x10000ca8       0x8c ./wifi_qca/port/drivers/flexcomm_freertos/wifi_spi.o
 .text.WIFIDRVS_SPI_DMA_Transfer
                0x10000d34       0x84 ./wifi_qca/port/drivers/flexcomm_freertos/wifi_spi.o
 .text.WIFIDRVS_SPI_IRQ_Transfer
                0x10000db8       0x6c ./wifi_qca/port/drivers/flexcomm_freertos/wifi_spi.o
 .text.WIFIDRVS_SPI_Transfer
                0x10000e24       0xe0 ./wifi_qca/port/drivers/flexcomm_freertos/wifi_spi.o
 .text.WIFIDRVS_SPI_Init
                0x10000f04       0xf4 ./wifi_qca/port/drivers/flexcomm_freertos/wifi_spi.o
                0x10000f04                WIFIDRVS_SPI_Init
 .text.WIFIDRVS_SPI_GetDefaultConfig
                0x10000ff8       0x48 ./wifi_qca/port/drivers/flexcomm_freertos/wifi_spi.o
                0x10000ff8                WIFIDRVS_SPI_GetDefaultConfig
 .text.WIFIDRVS_SPI_GetSPIConfig
                0x10001040       0x70 ./wifi_qca/port/drivers/flexcomm_freertos/wifi_spi.o
                0x10001040                WIFIDRVS_SPI_GetSPIConfig
 .text.WIFIDRVS_SPI_InOutToken
                0x100010b0       0x78 ./wifi_qca/port/drivers/flexcomm_freertos/wifi_spi.o
                0x100010b0                WIFIDRVS_SPI_InOutToken
 .text.WIFIDRVS_SPI_InOutBuffer
                0x10001128       0x90 ./wifi_qca/port/drivers/flexcomm_freertos/wifi_spi.o
                0x10001128                WIFIDRVS_SPI_InOutBuffer
 .text.t_socket
                0x100011b8       0x4a ./wifi_qca/custom_src/stack_custom/cust_api_stack_offload.o
                0x100011b8                t_socket
 .text.t_shutdown
                0x10001202       0x42 ./wifi_qca/custom_src/stack_custom/cust_api_stack_offload.o
                0x10001202                t_shutdown
 .text.t_connect
                0x10001244       0x4e ./wifi_qca/custom_src/stack_custom/cust_api_stack_offload.o
                0x10001244                t_connect
 .text.t_select
                0x10001292       0x46 ./wifi_qca/custom_src/stack_custom/cust_api_stack_offload.o
                0x10001292                t_select
 .text.t_setsockopt
                0x100012d8       0x52 ./wifi_qca/custom_src/stack_custom/cust_api_stack_offload.o
                0x100012d8                t_setsockopt
 .text.t_ipconfig
                0x1000132a       0x64 ./wifi_qca/custom_src/stack_custom/cust_api_stack_offload.o
                0x1000132a                t_ipconfig
 *fill*         0x1000138e        0x2 ff
 .text.Custom_Api_Dhcps_Success_Callback_Event
                0x10001390       0x34 ./wifi_qca/custom_src/stack_custom/cust_api_stack_offload.o
                0x10001390                Custom_Api_Dhcps_Success_Callback_Event
 .text.Custom_Api_Dhcpc_Success_Callback_Event
                0x100013c4       0x34 ./wifi_qca/custom_src/stack_custom/cust_api_stack_offload.o
                0x100013c4                Custom_Api_Dhcpc_Success_Callback_Event
 .text.Custom_Api_Http_Post_Event
                0x100013f8       0x40 ./wifi_qca/custom_src/stack_custom/cust_api_stack_offload.o
                0x100013f8                Custom_Api_Http_Post_Event
 .text.Custom_Api_Ota_Resp_Result
                0x10001438       0x42 ./wifi_qca/custom_src/stack_custom/cust_api_stack_offload.o
                0x10001438                Custom_Api_Ota_Resp_Result
 *fill*         0x1000147a        0x2 ff
 .text.t_send   0x1000147c       0x70 ./wifi_qca/custom_src/stack_custom/cust_api_stack_offload.o
                0x1000147c                t_send
 .text.t_sendto
                0x100014ec      0x2c0 ./wifi_qca/custom_src/stack_custom/cust_api_stack_offload.o
                0x100014ec                t_sendto
 .text.t_recvfrom
                0x100017ac       0x56 ./wifi_qca/custom_src/stack_custom/cust_api_stack_offload.o
                0x100017ac                t_recvfrom
 .text.t_recv   0x10001802       0x2e ./wifi_qca/custom_src/stack_custom/cust_api_stack_offload.o
                0x10001802                t_recv
 .text.zero_copy_free
                0x10001830       0x2c ./wifi_qca/custom_src/stack_custom/cust_api_stack_offload.o
                0x10001830                zero_copy_free
 .text.Api_recvfrom
                0x1000185c      0x2c4 ./wifi_qca/custom_src/stack_custom/cust_api_stack_offload.o
                0x1000185c                Api_recvfrom
 .text.txpkt_free
                0x10001b20       0x2e ./wifi_qca/custom_src/stack_custom/cust_api_stack_offload.o
                0x10001b20                txpkt_free
 .text.custom_alloc
                0x10001b4e       0x6a ./wifi_qca/custom_src/stack_custom/cust_api_stack_offload.o
                0x10001b4e                custom_alloc
 .text.custom_free
                0x10001bb8       0x3c ./wifi_qca/custom_src/stack_custom/cust_api_stack_offload.o
                0x10001bb8                custom_free
 .text.get_total_pkts_buffered
                0x10001bf4       0x3c ./wifi_qca/custom_src/stack_custom/cust_api_stack_offload.o
                0x10001bf4                get_total_pkts_buffered
 .text.Custom_Api_Send
                0x10001c30       0x12 ./wifi_qca/custom_src/stack_custom/cust_api_stack_txrx.o
                0x10001c30                Custom_Api_Send
 .text.custom_sock_is_pending
                0x10001c42       0x32 ./wifi_qca/custom_src/stack_custom/cust_api_stack_txrx.o
                0x10001c42                custom_sock_is_pending
 .text.custom_receive_tcpip
                0x10001c74       0xd0 ./wifi_qca/custom_src/stack_custom/cust_api_stack_txrx.o
                0x10001c74                custom_receive_tcpip
 .text.Custom_DeliverFrameToNetworkStack
                0x10001d44       0x32 ./wifi_qca/custom_src/stack_custom/cust_api_stack_txrx.o
                0x10001d44                Custom_DeliverFrameToNetworkStack
 .text.custom_send_tcpip
                0x10001d76       0x90 ./wifi_qca/custom_src/stack_custom/cust_api_stack_txrx.o
                0x10001d76                custom_send_tcpip
 *fill*         0x10001e06        0x2 ff
 .text.custom_qapi
                0x10001e08      0x414 ./wifi_qca/custom_src/qapi/custom_qcom_api.o
                0x10001e08                custom_qapi
 .text.Custom_FreeRxRequest
                0x1000221c        0xa ./wifi_qca/custom_src/driver/cust_driver_main.o
 *fill*         0x10002226        0x2 ff
 .text.Custom_GetRxRequest
                0x10002228       0x84 ./wifi_qca/custom_src/driver/cust_driver_main.o
                0x10002228                Custom_GetRxRequest
 .text.Custom_Driver_ContextInit
                0x100022ac      0x11c ./wifi_qca/custom_src/driver/cust_driver_main.o
                0x100022ac                Custom_Driver_ContextInit
 .text.a_netbuf_dequeue_adv
                0x100023c8       0x8a ./wifi_qca/custom_src/driver/cust_driver_netbuf.o
                0x100023c8                a_netbuf_dequeue_adv
 *fill*         0x10002452        0x2 ff
 .text.a_netbuf_purge_queue
                0x10002454       0x64 ./wifi_qca/custom_src/driver/cust_driver_netbuf.o
                0x10002454                a_netbuf_purge_queue
 .text.a_netbuf_init
                0x100024b8       0x4c ./wifi_qca/custom_src/driver/cust_driver_netbuf.o
                0x100024b8                a_netbuf_init
 .text.a_netbuf_alloc
                0x10002504       0xac ./wifi_qca/custom_src/driver/cust_driver_netbuf.o
                0x10002504                a_netbuf_alloc
 .text.a_netbuf_reinit
                0x100025b0       0x6c ./wifi_qca/custom_src/driver/cust_driver_netbuf.o
                0x100025b0                a_netbuf_reinit
 .text.a_netbuf_set_rx_pool
                0x1000261c       0x16 ./wifi_qca/custom_src/driver/cust_driver_netbuf.o
                0x1000261c                a_netbuf_set_rx_pool
 .text.a_netbuf_alloc_raw
                0x10002632       0x98 ./wifi_qca/custom_src/driver/cust_driver_netbuf.o
                0x10002632                a_netbuf_alloc_raw
 .text.a_netbuf_free
                0x100026ca       0x60 ./wifi_qca/custom_src/driver/cust_driver_netbuf.o
                0x100026ca                a_netbuf_free
 .text.a_netbuf_free_rx_pool
                0x1000272a       0x44 ./wifi_qca/custom_src/driver/cust_driver_netbuf.o
                0x1000272a                a_netbuf_free_rx_pool
 .text.a_netbuf_free_tx_pool
                0x1000276e        0xa ./wifi_qca/custom_src/driver/cust_driver_netbuf.o
                0x1000276e                a_netbuf_free_tx_pool
 .text.a_netbuf_to_len
                0x10002778       0x9c ./wifi_qca/custom_src/driver/cust_driver_netbuf.o
                0x10002778                a_netbuf_to_len
 .text.a_netbuf_get_fragment
                0x10002814       0xa2 ./wifi_qca/custom_src/driver/cust_driver_netbuf.o
                0x10002814                a_netbuf_get_fragment
 *fill*         0x100028b6        0x2 ff
 .text.a_netbuf_append_fragment
                0x100028b8       0x50 ./wifi_qca/custom_src/driver/cust_driver_netbuf.o
                0x100028b8                a_netbuf_append_fragment
 .text.a_netbuf_enqueue
                0x10002908       0x4c ./wifi_qca/custom_src/driver/cust_driver_netbuf.o
                0x10002908                a_netbuf_enqueue
 .text.a_netbuf_dequeue
                0x10002954       0x64 ./wifi_qca/custom_src/driver/cust_driver_netbuf.o
                0x10002954                a_netbuf_dequeue
 .text.a_netbuf_queue_init
                0x100029b8       0x1e ./wifi_qca/custom_src/driver/cust_driver_netbuf.o
                0x100029b8                a_netbuf_queue_init
 .text.a_netbuf_configure
                0x100029d6       0x66 ./wifi_qca/custom_src/driver/cust_driver_netbuf.o
                0x100029d6                a_netbuf_configure
 .text.a_netbuf_to_data
                0x10002a3c        0xe ./wifi_qca/custom_src/driver/cust_driver_netbuf.o
                0x10002a3c                a_netbuf_to_data
 *fill*         0x10002a4a        0x2 ff
 .text.a_netbuf_push
                0x10002a4c       0x44 ./wifi_qca/custom_src/driver/cust_driver_netbuf.o
                0x10002a4c                a_netbuf_push
 .text.a_netbuf_put
                0x10002a90       0x44 ./wifi_qca/custom_src/driver/cust_driver_netbuf.o
                0x10002a90                a_netbuf_put
 .text.a_netbuf_put_data
                0x10002ad4       0x32 ./wifi_qca/custom_src/driver/cust_driver_netbuf.o
                0x10002ad4                a_netbuf_put_data
 .text.a_netbuf_headroom
                0x10002b06       0x1a ./wifi_qca/custom_src/driver/cust_driver_netbuf.o
                0x10002b06                a_netbuf_headroom
 .text.a_netbuf_tailroom
                0x10002b20       0x1a ./wifi_qca/custom_src/driver/cust_driver_netbuf.o
                0x10002b20                a_netbuf_tailroom
 *fill*         0x10002b3a        0x2 ff
 .text.a_netbuf_pull
                0x10002b3c       0x44 ./wifi_qca/custom_src/driver/cust_driver_netbuf.o
                0x10002b3c                a_netbuf_pull
 .text.a_netbuf_trim
                0x10002b80       0x44 ./wifi_qca/custom_src/driver/cust_driver_netbuf.o
                0x10002b80                a_netbuf_trim
 .text.Custom_Api_Readmii
                0x10002bc4       0x18 ./wifi_qca/custom_src/api_interface/cust_api_init.o
 .text.Custom_Api_Writemii
                0x10002bdc       0x18 ./wifi_qca/custom_src/api_interface/cust_api_init.o
 .text.Custom_Api_Join
                0x10002bf4       0x14 ./wifi_qca/custom_src/api_interface/cust_api_init.o
 .text.Custom_Api_Rejoin
                0x10002c08       0x10 ./wifi_qca/custom_src/api_interface/cust_api_init.o
 .text.chip_state_ctrl
                0x10002c18       0x3e ./wifi_qca/custom_src/api_interface/cust_api_init.o
                0x10002c18                chip_state_ctrl
 *fill*         0x10002c56        0x2 ff
 .text.Custom_Api_Initialize
                0x10002c58      0x198 ./wifi_qca/custom_src/api_interface/cust_api_init.o
 .text.Custom_Api_Shutdown
                0x10002df0       0x1c ./wifi_qca/custom_src/api_interface/cust_api_init.o
 .text.Custom_Api_GetDriverCxt
                0x10002e0c       0x1c ./wifi_qca/custom_src/api_interface/cust_api_init.o
                0x10002e0c                Custom_Api_GetDriverCxt
 .text.config_dump_target_assert_info
                0x10002e28       0x5a ./wifi_qca/custom_src/api_interface/cust_api_ioctl.o
 *fill*         0x10002e82        0x2 ff
 .text.ath_ioctl_handler
                0x10002e84     0x1fa0 ./wifi_qca/custom_src/api_interface/cust_api_ioctl.o
                0x10002e84                ath_ioctl_handler
 .text.Custom_Api_Mediactl
                0x10004e24      0x880 ./wifi_qca/custom_src/api_interface/cust_api_ioctl.o
                0x10004e24                Custom_Api_Mediactl
 .text.fill_scan_info
                0x100056a4      0x1f6 ./wifi_qca/custom_src/api_interface/cust_api_wmi_rx.o
 .text.fill_ext_scan_info
                0x1000589a      0x200 ./wifi_qca/custom_src/api_interface/cust_api_wmi_rx.o
 .text.Custom_Api_BssInfoEvent
                0x10005a9a      0x25e ./wifi_qca/custom_src/api_interface/cust_api_wmi_rx.o
                0x10005a9a                Custom_Api_BssInfoEvent
 .text.Custom_Api_ConnectEvent
                0x10005cf8       0x88 ./wifi_qca/custom_src/api_interface/cust_api_wmi_rx.o
                0x10005cf8                Custom_Api_ConnectEvent
 .text.Custom_Api_DisconnectEvent
                0x10005d80       0xc8 ./wifi_qca/custom_src/api_interface/cust_api_wmi_rx.o
                0x10005d80                Custom_Api_DisconnectEvent
 .text.Custom_Api_ReadyEvent
                0x10005e48       0x32 ./wifi_qca/custom_src/api_interface/cust_api_wmi_rx.o
                0x10005e48                Custom_Api_ReadyEvent
 *fill*         0x10005e7a        0x2 ff
 .text.Custom_Api_GpioDataEvent
                0x10005e7c       0x2c ./wifi_qca/custom_src/api_interface/cust_api_wmi_rx.o
                0x10005e7c                Custom_Api_GpioDataEvent
 .text.Custom_Api_PfmDataEvent
                0x10005ea8       0x2c ./wifi_qca/custom_src/api_interface/cust_api_wmi_rx.o
                0x10005ea8                Custom_Api_PfmDataEvent
 .text.Custom_Api_PfmDataDoneEvent
                0x10005ed4       0x2c ./wifi_qca/custom_src/api_interface/cust_api_wmi_rx.o
                0x10005ed4                Custom_Api_PfmDataDoneEvent
 .text.Custom_Api_RSNASuccessEvent
                0x10005f00       0x54 ./wifi_qca/custom_src/api_interface/cust_api_wmi_rx.o
                0x10005f00                Custom_Api_RSNASuccessEvent
 .text.Custom_Api_BitRateEvent_tx
                0x10005f54       0x60 ./wifi_qca/custom_src/api_interface/cust_api_wmi_rx.o
                0x10005f54                Custom_Api_BitRateEvent_tx
 .text.Custom_Api_ProbeReq_Event
                0x10005fb4       0x58 ./wifi_qca/custom_src/api_interface/cust_api_wmi_rx.o
                0x10005fb4                Custom_Api_ProbeReq_Event
 .text.wmi_init
                0x1000600c       0x44 ./wifi_qca/common_src/wmi/wmi.o
                0x1000600c                wmi_init
 .text.wmi_qos_state_init
                0x10006050       0x5e ./wifi_qca/common_src/wmi/wmi.o
                0x10006050                wmi_qos_state_init
 *fill*         0x100060ae        0x2 ff
 .text.wmi_set_control_ep
                0x100060b0       0x34 ./wifi_qca/common_src/wmi/wmi.o
                0x100060b0                wmi_set_control_ep
 .text.wmi_shutdown
                0x100060e4       0x36 ./wifi_qca/common_src/wmi/wmi.o
                0x100060e4                wmi_shutdown
 *fill*         0x1000611a        0x2 ff
 .text.wmi_meta_add
                0x1000611c       0xe0 ./wifi_qca/common_src/wmi/wmi.o
                0x1000611c                wmi_meta_add
 .text.wmi_data_hdr_add
                0x100061fc       0xec ./wifi_qca/common_src/wmi/wmi.o
                0x100061fc                wmi_data_hdr_add
 .text.wmi_determine_userPriority
                0x100062e8       0x44 ./wifi_qca/common_src/wmi/wmi.o
 .text.wmi_implicit_create_pstream
                0x1000632c       0xe8 ./wifi_qca/common_src/wmi/wmi.o
                0x1000632c                wmi_implicit_create_pstream
 .text.wmi_data_hdr_remove
                0x10006414       0x2c ./wifi_qca/common_src/wmi/wmi.o
                0x10006414                wmi_data_hdr_remove
 .text.wmi_test_ev_length
                0x10006440       0x80 ./wifi_qca/common_src/wmi/wmi.o
 .text.wmi_control_rx_xtnd
                0x100064c0      0x118 ./wifi_qca/common_src/wmi/wmi.o
                0x100064c0                wmi_control_rx_xtnd
 .text.wmi_control_rx
                0x100065d8      0x7f0 ./wifi_qca/common_src/wmi/wmi.o
                0x100065d8                wmi_control_rx
 .text.wmi_errorEvent_rx
                0x10006dc8       0x48 ./wifi_qca/common_src/wmi/wmi.o
 .text.wmi_cmd_send
                0x10006e10       0xbc ./wifi_qca/common_src/wmi/wmi.o
                0x10006e10                wmi_cmd_send
 .text.wmi_ap_set_param
                0x10006ecc      0x104 ./wifi_qca/common_src/wmi/wmi.o
                0x10006ecc                wmi_ap_set_param
 .text.wmi_storerecall_recall_cmd
                0x10006fd0       0x5e ./wifi_qca/common_src/wmi/wmi.o
                0x10006fd0                wmi_storerecall_recall_cmd
 .text.wmi_bssfilter_cmd
                0x1000702e       0x38 ./wifi_qca/common_src/wmi/wmi.o
                0x1000702e                wmi_bssfilter_cmd
 *fill*         0x10007066        0x2 ff
 .text.wmi_socket_cmd
                0x10007068       0x50 ./wifi_qca/common_src/wmi/wmi.o
                0x10007068                wmi_socket_cmd
 .text.wmi_test_event_rx
                0x100070b8       0x2a ./wifi_qca/common_src/wmi/wmi.o
 *fill*         0x100070e2        0x2 ff
 .text.wmi_p2p_goneg_result_event_rx
                0x100070e4       0x3c ./wifi_qca/common_src/wmi/wmi.o
 .text.wmi_p2p_list_peristent_network
                0x10007120       0x32 ./wifi_qca/common_src/wmi/wmi.o
 .text.wmi_p2p_req_auth_event_rx
                0x10007152       0x2a ./wifi_qca/common_src/wmi/wmi.o
 .text.wmi_p2p_node_list_event_rx
                0x1000717c       0x2a ./wifi_qca/common_src/wmi/wmi.o
 .text.wmi_p2p_prov_disc_resp_rx
                0x100071a6       0x32 ./wifi_qca/common_src/wmi/wmi.o
 .text.wmi_p2p_prov_disc_req_rx
                0x100071d8       0x32 ./wifi_qca/common_src/wmi/wmi.o
 .text.wmi_p2p_sdpd_event_rx
                0x1000720a       0x32 ./wifi_qca/common_src/wmi/wmi.o
 .text.wmi_p2p_invite_req_rx
                0x1000723c       0x32 ./wifi_qca/common_src/wmi/wmi.o
 .text.wmi_p2p_invite_rcvd_result_rx
                0x1000726e       0x32 ./wifi_qca/common_src/wmi/wmi.o
 .text.wmi_p2p_invite_sent_result_rx
                0x100072a0       0x32 ./wifi_qca/common_src/wmi/wmi.o
 .text.wmi_sdpd_send_cmd
                0x100072d2       0xb0 ./wifi_qca/common_src/wmi/wmi.o
                0x100072d2                wmi_sdpd_send_cmd
 .text.wmi_p2p_set_oppps
                0x10007382       0x52 ./wifi_qca/common_src/wmi/wmi.o
                0x10007382                wmi_p2p_set_oppps
 .text.wmi_p2p_set_noa
                0x100073d4       0xd0 ./wifi_qca/common_src/wmi/wmi.o
                0x100073d4                wmi_p2p_set_noa
 .text.wmi_cmd_start
                0x100074a4       0x7e ./wifi_qca/common_src/wmi/wmi.o
                0x100074a4                wmi_cmd_start
 .text.wmi_dset_host_cfg_cmd
                0x10007522       0x7e ./wifi_qca/common_src/wmi/wmi.o
                0x10007522                wmi_dset_host_cfg_cmd
 .text.wmi_set_appie_cmd
                0x100075a0       0x8c ./wifi_qca/common_src/wmi/wmi.o
                0x100075a0                wmi_set_appie_cmd
 .text.Util_GetEndpoint
                0x1000762c       0x2e ./wifi_qca/common_src/util/util.o
                0x1000762c                Util_GetEndpoint
 *fill*         0x1000765a        0x2 ff
 .text.Util_Freq2ieee
                0x1000765c       0x80 ./wifi_qca/common_src/util/util.o
                0x1000765c                Util_Freq2ieee
 .text.Util_AC2EndpointID
                0x100076dc       0x22 ./wifi_qca/common_src/util/util.o
                0x100076dc                Util_AC2EndpointID
 *fill*         0x100076fe        0x2 ff
 .text.dset_find
                0x10007700       0x44 ./wifi_qca/common_src/storerecall/dset.o
                0x10007700                dset_find
 .text.dset_insert
                0x10007744       0x64 ./wifi_qca/common_src/storerecall/dset.o
                0x10007744                dset_insert
 .text.dset_get
                0x100077a8       0x74 ./wifi_qca/common_src/storerecall/dset.o
                0x100077a8                dset_get
 .text.dset_write
                0x1000781c       0x46 ./wifi_qca/common_src/storerecall/dset.o
                0x1000781c                dset_write
 .text.dset_read
                0x10007862       0x46 ./wifi_qca/common_src/storerecall/dset.o
                0x10007862                dset_read
 .text.dset_fill
                0x100078a8       0x74 ./wifi_qca/common_src/storerecall/dset.o
                0x100078a8                dset_fill
 .text.dset_get_first
                0x1000791c       0x50 ./wifi_qca/common_src/storerecall/dset.o
                0x1000791c                dset_get_first
 .text.dset_get_next
                0x1000796c       0x60 ./wifi_qca/common_src/storerecall/dset.o
                0x1000796c                dset_get_next
 .text.Strrcl_ChipUpFinish
                0x100079cc       0xd4 ./wifi_qca/common_src/storerecall/storerecall.o
 .text.Strrcl_ChipUpStart
                0x10007aa0       0x84 ./wifi_qca/common_src/storerecall/storerecall.o
 .text.Strrcl_ChipDown
                0x10007b24       0x28 ./wifi_qca/common_src/storerecall/storerecall.o
 .text.Strrcl_Recall
                0x10007b4c       0x64 ./wifi_qca/common_src/storerecall/storerecall.o
                0x10007b4c                Strrcl_Recall
 .text.dset_find_handle
                0x10007bb0       0x3c ./wifi_qca/common_src/stack_common/dset_api.o
                0x10007bb0                dset_find_handle
 .text.aggr_deinit
                0x10007bec        0xa ./wifi_qca/common_src/reorder/rcv_aggr.o
                0x10007bec                aggr_deinit
 *fill*         0x10007bf6        0x2 ff
 .text.aggr_init
                0x10007bf8       0x14 ./wifi_qca/common_src/reorder/rcv_aggr.o
                0x10007bf8                aggr_init
 .text.aggr_recv_addba_req_evt
                0x10007c0c       0x7c ./wifi_qca/common_src/reorder/rcv_aggr.o
                0x10007c0c                aggr_recv_addba_req_evt
 .text.aggr_recv_delba_req_evt
                0x10007c88       0x5c ./wifi_qca/common_src/reorder/rcv_aggr.o
                0x10007c88                aggr_recv_delba_req_evt
 .text.aggr_reset_state
                0x10007ce4       0x28 ./wifi_qca/common_src/reorder/rcv_aggr.o
                0x10007ce4                aggr_reset_state
 .text.SOCK_EV_MASK_SET
                0x10007d0c       0x32 ./wifi_qca/common_src/qapi/api_stack_offload.o
 .text.SOCK_EV_MASK_CLEAR
                0x10007d3e       0x34 ./wifi_qca/common_src/qapi/api_stack_offload.o
 .text.SOCK_EV_MASK_TEST
                0x10007d72       0x34 ./wifi_qca/common_src/qapi/api_stack_offload.o
 *fill*         0x10007da6        0x2 ff
 .text.queue_empty
                0x10007da8       0x28 ./wifi_qca/common_src/qapi/api_stack_offload.o
                0x10007da8                queue_empty
 .text.find_socket_context_from_ssl
                0x10007dd0       0x3c ./wifi_qca/common_src/qapi/api_stack_offload.o
                0x10007dd0                find_socket_context_from_ssl
 .text.find_socket_context
                0x10007e0c       0x58 ./wifi_qca/common_src/qapi/api_stack_offload.o
                0x10007e0c                find_socket_context
 .text.socket_context_init
                0x10007e64       0xe0 ./wifi_qca/common_src/qapi/api_stack_offload.o
                0x10007e64                socket_context_init
 .text.Api_SockResponseEventRx
                0x10007f44      0xba0 ./wifi_qca/common_src/qapi/api_stack_offload.o
                0x10007f44                Api_SockResponseEventRx
 .text.Api_socket
                0x10008ae4      0x134 ./wifi_qca/common_src/qapi/api_stack_offload.o
                0x10008ae4                Api_socket
 .text.Api_shutdown
                0x10008c18       0xb0 ./wifi_qca/common_src/qapi/api_stack_offload.o
                0x10008c18                Api_shutdown
 .text.Api_connect
                0x10008cc8      0x150 ./wifi_qca/common_src/qapi/api_stack_offload.o
                0x10008cc8                Api_connect
 .text.Api_select
                0x10008e18      0x1b0 ./wifi_qca/common_src/qapi/api_stack_offload.o
                0x10008e18                Api_select
 .text.Api_setsockopt
                0x10008fc8      0x154 ./wifi_qca/common_src/qapi/api_stack_offload.o
                0x10008fc8                Api_setsockopt
 .text.Api_ipconfig
                0x1000911c      0x1dc ./wifi_qca/common_src/qapi/api_stack_offload.o
                0x1000911c                Api_ipconfig
 .text.clear_socket_context
                0x100092f8       0xc0 ./wifi_qca/common_src/qapi/api_stack_offload.o
                0x100092f8                clear_socket_context
 .text.send_stack_init
                0x100093b8       0x54 ./wifi_qca/common_src/qapi/api_stack_offload.o
                0x100093b8                send_stack_init
 .text.move_power_state_to_maxperf
                0x1000940c       0x58 ./wifi_qca/common_src/qapi/api_stack_offload.o
                0x1000940c                move_power_state_to_maxperf
 .text.restore_power_state
                0x10009464       0x68 ./wifi_qca/common_src/qapi/api_stack_offload.o
                0x10009464                restore_power_state
 .text.blockForDataRx
                0x100094cc       0x32 ./wifi_qca/common_src/qapi/api_stack_offload.o
                0x100094cc                blockForDataRx
 *fill*         0x100094fe        0x2 ff
 .text.blockForResponse
                0x10009500      0x114 ./wifi_qca/common_src/qapi/api_stack_offload.o
                0x10009500                blockForResponse
 .text.isSocketBlocked
                0x10009614       0x14 ./wifi_qca/common_src/qapi/api_stack_offload.o
                0x10009614                isSocketBlocked
 .text.unblock  0x10009628       0x68 ./wifi_qca/common_src/qapi/api_stack_offload.o
                0x10009628                unblock
 .text.unblockSelect
                0x10009690       0x24 ./wifi_qca/common_src/qapi/api_stack_offload.o
                0x10009690                unblockSelect
 .text.qcom_set_deviceid
                0x100096b4       0x36 ./wifi_qca/common_src/qapi/qcom_api.o
                0x100096b4                qcom_set_deviceid
 .text.qcom_socket
                0x100096ea       0x24 ./wifi_qca/common_src/qapi/qcom_api.o
                0x100096ea                qcom_socket
 .text.qcom_connect
                0x1000970e       0x26 ./wifi_qca/common_src/qapi/qcom_api.o
                0x1000970e                qcom_connect
 .text.qcom_setsockopt
                0x10009734       0x32 ./wifi_qca/common_src/qapi/qcom_api.o
                0x10009734                qcom_setsockopt
 .text.qcom_recv
                0x10009766       0x2c ./wifi_qca/common_src/qapi/qcom_api.o
                0x10009766                qcom_recv
 .text.qcom_recvfrom
                0x10009792       0x36 ./wifi_qca/common_src/qapi/qcom_api.o
                0x10009792                qcom_recvfrom
 .text.qcom_dns_server_address_get
                0x100097c8       0xee ./wifi_qca/common_src/qapi/qcom_api.o
                0x100097c8                qcom_dns_server_address_get
 .text.qcom_sendto
                0x100098b6       0x36 ./wifi_qca/common_src/qapi/qcom_api.o
                0x100098b6                qcom_sendto
 .text.qcom_send
                0x100098ec       0x2c ./wifi_qca/common_src/qapi/qcom_api.o
                0x100098ec                qcom_send
 .text.qcom_socket_close
                0x10009918       0x22 ./wifi_qca/common_src/qapi/qcom_api.o
                0x10009918                qcom_socket_close
 .text.qcom_ipconfig
                0x1000993a       0x58 ./wifi_qca/common_src/qapi/qcom_api.o
                0x1000993a                qcom_ipconfig
 .text.qcom_set_ssid
                0x10009992       0x62 ./wifi_qca/common_src/qapi/qcom_api.o
                0x10009992                qcom_set_ssid
 .text.qcom_get_ssid
                0x100099f4       0x7e ./wifi_qca/common_src/qapi/qcom_api.o
                0x100099f4                qcom_get_ssid
 .text.qcom_set_connect_callback
                0x10009a72       0x60 ./wifi_qca/common_src/qapi/qcom_api.o
                0x10009a72                qcom_set_connect_callback
 .text.qcom_get_concurrent_channel
                0x10009ad2       0x64 ./wifi_qca/common_src/qapi/qcom_api.o
 .text.qcom_get_channelhint
                0x10009b36       0x64 ./wifi_qca/common_src/qapi/qcom_api.o
 .text.qcom_commit
                0x10009b9a      0x106 ./wifi_qca/common_src/qapi/qcom_api.o
                0x10009b9a                qcom_commit
 .text.qcom_op_set_mode
                0x10009ca0       0x58 ./wifi_qca/common_src/qapi/qcom_api.o
                0x10009ca0                qcom_op_set_mode
 .text.qcom_set_channel
                0x10009cf8       0xb8 ./wifi_qca/common_src/qapi/qcom_api.o
                0x10009cf8                qcom_set_channel
 .text.qcom_sec_set_auth_mode
                0x10009db0       0x5a ./wifi_qca/common_src/qapi/qcom_api.o
                0x10009db0                qcom_sec_set_auth_mode
 .text.qcom_sec_set_encrypt_mode
                0x10009e0a       0x86 ./wifi_qca/common_src/qapi/qcom_api.o
                0x10009e0a                qcom_sec_set_encrypt_mode
 .text.qcom_sec_set_passphrase
                0x10009e90       0x80 ./wifi_qca/common_src/qapi/qcom_api.o
                0x10009e90                qcom_sec_set_passphrase
 .text.qcom_power_set_mode
                0x10009f10       0x72 ./wifi_qca/common_src/qapi/qcom_api.o
                0x10009f10                qcom_power_set_mode
 .text.qcom_p2p_func_cancel
                0x10009f82       0x5e ./wifi_qca/common_src/qapi/qcom_api.o
                0x10009f82                qcom_p2p_func_cancel
 .text.wifi_dns_assemble_request
                0x10009fe0       0xd0 ./wifi_qca/common_src/qapi/qcom_dns.o
 .text.qcom_dns_resolver
                0x1000a0b0      0x208 ./wifi_qca/common_src/qapi/qcom_dns.o
                0x1000a0b0                qcom_dns_resolver
 .text.HW_ProcessPendingInterrupts
                0x1000a2b8       0xd0 ./wifi_qca/common_src/hw_interface/hw_api.o
                0x1000a2b8                HW_ProcessPendingInterrupts
 .text.HW_PowerUpDown
                0x1000a388       0x58 ./wifi_qca/common_src/hw_interface/hw_api.o
                0x1000a388                HW_PowerUpDown
 .text.HW_InterruptHandler
                0x1000a3e0       0x2e ./wifi_qca/common_src/hw_interface/hw_api.o
                0x1000a3e0                HW_InterruptHandler
 .text.HW_SetClock
                0x1000a40e        0xc ./wifi_qca/common_src/hw_interface/hw_api.o
                0x1000a40e                HW_SetClock
 *fill*         0x1000a41a        0x2 ff
 .text.HW_GetMboxAddress
                0x1000a41c       0x44 ./wifi_qca/common_src/hw_interface/hw_api.o
                0x1000a41c                HW_GetMboxAddress
 .text.Htc_PrepareRecvPacket
                0x1000a460       0x7c ./wifi_qca/common_src/htc/htc.o
                0x1000a460                Htc_PrepareRecvPacket
 .text.Htc_RxComplete
                0x1000a4dc       0x2c ./wifi_qca/common_src/htc/htc.o
                0x1000a4dc                Htc_RxComplete
 .text.Htc_ReadCreditCounter
                0x1000a508       0x68 ./wifi_qca/common_src/htc/htc.o
                0x1000a508                Htc_ReadCreditCounter
 .text.Htc_GetCreditCounterUpdate
                0x1000a570       0xc4 ./wifi_qca/common_src/htc/htc.o
                0x1000a570                Htc_GetCreditCounterUpdate
 .text.Htc_DistributeCredits
                0x1000a634       0xa4 ./wifi_qca/common_src/htc/htc.o
 .text.Htc_ProcessCreditRpt
                0x1000a6d8       0xe0 ./wifi_qca/common_src/htc/htc.o
 .text.HTC_ProcessCpuInterrupt
                0x1000a7b8       0x94 ./wifi_qca/common_src/htc/htc.o
                0x1000a7b8                HTC_ProcessCpuInterrupt
 .text.Htc_ProcessTrailer
                0x1000a84c      0x124 ./wifi_qca/common_src/htc/htc.o
 .text.Htc_SendPacket
                0x1000a970      0x118 ./wifi_qca/common_src/htc/htc.o
                0x1000a970                Htc_SendPacket
 .text.Htc_ProcessTxComplete
                0x1000aa88       0x1a ./wifi_qca/common_src/htc/htc.o
                0x1000aa88                Htc_ProcessTxComplete
 *fill*         0x1000aaa2        0x2 ff
 .text.Htc_ProcessRecvHeader
                0x1000aaa4      0x178 ./wifi_qca/common_src/htc/htc.o
                0x1000aaa4                Htc_ProcessRecvHeader
 .text.HTC_WaitTarget
                0x1000ac1c       0x84 ./wifi_qca/common_src/htc/htc.o
                0x1000ac1c                HTC_WaitTarget
 .text.HTC_ConnectService
                0x1000aca0      0x12c ./wifi_qca/common_src/htc/htc.o
                0x1000aca0                HTC_ConnectService
 .text.HTC_Start
                0x1000adcc       0x58 ./wifi_qca/common_src/htc/htc.o
                0x1000adcc                HTC_Start
 .text.DoPioWriteInternal
                0x1000ae24       0x72 ./wifi_qca/common_src/htc/spi_hcd.o
 .text.DoPioReadInternal
                0x1000ae96       0x7a ./wifi_qca/common_src/htc/spi_hcd.o
 .text.EnableDisableSPIIRQHwDetect
                0x1000af10       0x7c ./wifi_qca/common_src/htc/spi_hcd.o
 .text.MaskSPIInterrupts
                0x1000af8c       0x68 ./wifi_qca/common_src/htc/spi_hcd.o
 .text.HandleExternalReadDone
                0x1000aff4       0x54 ./wifi_qca/common_src/htc/spi_hcd.o
 .text.Hcd_DoPioInternalAccess
                0x1000b048       0x4e ./wifi_qca/common_src/htc/spi_hcd.o
                0x1000b048                Hcd_DoPioInternalAccess
 *fill*         0x1000b096        0x2 ff
 .text.Hcd_DoPioExternalAccess
                0x1000b098      0x188 ./wifi_qca/common_src/htc/spi_hcd.o
                0x1000b098                Hcd_DoPioExternalAccess
 .text.ResetWriteBufferWaterMark
                0x1000b220       0x3e ./wifi_qca/common_src/htc/spi_hcd.o
 *fill*         0x1000b25e        0x2 ff
 .text.ConfigureByteSwap
                0x1000b260       0xc4 ./wifi_qca/common_src/htc/spi_hcd.o
 .text.DoDMAOp  0x1000b324      0x130 ./wifi_qca/common_src/htc/spi_hcd.o
 .text.Hcd_ProgramWriteBufferWaterMark
                0x1000b454      0x13c ./wifi_qca/common_src/htc/spi_hcd.o
                0x1000b454                Hcd_ProgramWriteBufferWaterMark
 .text.Hcd_RefreshWriteBufferSpace
                0x1000b590       0x2c ./wifi_qca/common_src/htc/spi_hcd.o
                0x1000b590                Hcd_RefreshWriteBufferSpace
 .text.Hcd_Request
                0x1000b5bc       0xb2 ./wifi_qca/common_src/htc/spi_hcd.o
                0x1000b5bc                Hcd_Request
 .text.Hcd_ReadCPUInterrupt
                0x1000b66e       0x5c ./wifi_qca/common_src/htc/spi_hcd.o
                0x1000b66e                Hcd_ReadCPUInterrupt
 .text.Hcd_ClearCPUInterrupt
                0x1000b6ca       0x4a ./wifi_qca/common_src/htc/spi_hcd.o
                0x1000b6ca                Hcd_ClearCPUInterrupt
 .text.Hcd_UnmaskInterrupts
                0x1000b714       0x60 ./wifi_qca/common_src/htc/spi_hcd.o
                0x1000b714                Hcd_UnmaskInterrupts
 .text.Hcd_BusInterrupt
                0x1000b774      0x21c ./wifi_qca/common_src/htc/spi_hcd.o
                0x1000b774                Hcd_BusInterrupt
 .text.Hcd_ReinitTarget
                0x1000b990       0x64 ./wifi_qca/common_src/htc/spi_hcd.o
                0x1000b990                Hcd_ReinitTarget
 .text.Hcd_Deinitialize
                0x1000b9f4       0x2c ./wifi_qca/common_src/htc/spi_hcd.o
                0x1000b9f4                Hcd_Deinitialize
 .text.Hcd_GetLookAhead
                0x1000ba20      0x120 ./wifi_qca/common_src/htc/spi_hcd.o
                0x1000ba20                Hcd_GetLookAhead
 .text.Hcd_Init
                0x1000bb40      0x260 ./wifi_qca/common_src/htc/spi_hcd.o
                0x1000bb40                Hcd_Init
 .text.Hcd_TransferData
                0x1000bda0       0x1a ./wifi_qca/common_src/htc/spi_hcd.o
 .text.HW_EnableDisableSPIIRQ
                0x1000bdba       0x70 ./wifi_qca/common_src/htc/spi_hcd.o
                0x1000bdba                HW_EnableDisableSPIIRQ
 *fill*         0x1000be2a        0x2 ff
 .text.Bus_InOutDescriptorSet
                0x1000be2c      0x10c ./wifi_qca/common_src/htc/spi_hcd.o
                0x1000be2c                Bus_InOutDescriptorSet
 .text.Bus_InOutToken
                0x1000bf38       0x44 ./wifi_qca/common_src/htc/spi_hcd.o
                0x1000bf38                Bus_InOutToken
 .text.HW_EnableDisableIRQ
                0x1000bf7c       0x1c ./wifi_qca/common_src/htc/spi_hcd.o
                0x1000bf7c                HW_EnableDisableIRQ
 .text.Driver_SetAddressWindowRegister
                0x1000bf98       0xe6 ./wifi_qca/common_src/driver/driver_diag.o
 .text.Driver_ReadRegDiag
                0x1000c07e       0x74 ./wifi_qca/common_src/driver/driver_diag.o
                0x1000c07e                Driver_ReadRegDiag
 .text.Driver_WriteRegDiag
                0x1000c0f2       0x74 ./wifi_qca/common_src/driver/driver_diag.o
                0x1000c0f2                Driver_WriteRegDiag
 .text.Driver_ReadDataDiag
                0x1000c166       0x5a ./wifi_qca/common_src/driver/driver_diag.o
                0x1000c166                Driver_ReadDataDiag
 .text.Driver_WriteDataDiag
                0x1000c1c0       0x5a ./wifi_qca/common_src/driver/driver_diag.o
                0x1000c1c0                Driver_WriteDataDiag
 *fill*         0x1000c21a        0x2 ff
 .text.Driver_DumpAssertInfo
                0x1000c21c       0xcc ./wifi_qca/common_src/driver/driver_diag.o
                0x1000c21c                Driver_DumpAssertInfo
 .text.ConnectService
                0x1000c2e8      0x104 ./wifi_qca/common_src/driver/driver_init.o
 .text.SetupServices
                0x1000c3ec      0x168 ./wifi_qca/common_src/driver/driver_init.o
 .text.Driver_ContextInit
                0x1000c554      0x15c ./wifi_qca/common_src/driver/driver_init.o
                0x1000c554                Driver_ContextInit
 .text.Driver_Init
                0x1000c6b0      0x208 ./wifi_qca/common_src/driver/driver_init.o
                0x1000c6b0                Driver_Init
 .text.Driver_DeInit
                0x1000c8b8       0xa0 ./wifi_qca/common_src/driver/driver_init.o
                0x1000c8b8                Driver_DeInit
 .text.Driver_GetTargetInfo
                0x1000c958       0x68 ./wifi_qca/common_src/driver/driver_init.o
                0x1000c958                Driver_GetTargetInfo
 .text.Driver_TargReset
                0x1000c9c0        0xc ./wifi_qca/common_src/driver/driver_init.o
 .text.Driver_BootComm
                0x1000c9cc      0x114 ./wifi_qca/common_src/driver/driver_init.o
                0x1000c9cc                Driver_BootComm
 .text.Driver_Main
                0x1000cae0      0x1b8 ./wifi_qca/common_src/driver/driver_main.o
                0x1000cae0                Driver_Main
 .text.Driver_ReportRxBuffStatus
                0x1000cc98       0x3e ./wifi_qca/common_src/driver/driver_main.o
                0x1000cc98                Driver_ReportRxBuffStatus
 *fill*         0x1000ccd6        0x2 ff
 .text.Driver_CompleteRequest
                0x1000ccd8       0x6c ./wifi_qca/common_src/driver/driver_main.o
                0x1000ccd8                Driver_CompleteRequest
 .text.Driver_TxReady
                0x1000cd44      0x188 ./wifi_qca/common_src/driver/driver_main.o
                0x1000cd44                Driver_TxReady
 .text.Driver_RxReady
                0x1000cecc      0x198 ./wifi_qca/common_src/driver/driver_main.o
                0x1000cecc                Driver_RxReady
 .text.Driver_DropTxDataPackets
                0x1000d064       0x9c ./wifi_qca/common_src/driver/driver_main.o
                0x1000d064                Driver_DropTxDataPackets
 .text.Driver_WaitForCondition
                0x1000d100       0x58 ./wifi_qca/common_src/driver/driver_main.o
                0x1000d100                Driver_WaitForCondition
 .text.setup_host_dset
                0x1000d158       0x16 ./wifi_qca/common_src/driver/driver_main.o
                0x1000d158                setup_host_dset
 .text.Atheros_Driver_Task
                0x1000d16e       0xa6 ./wifi_qca/common_src/driver/driver_main.o
                0x1000d16e                Atheros_Driver_Task
 .text.Driver_CreateThread
                0x1000d214       0x54 ./wifi_qca/common_src/driver/driver_main.o
                0x1000d214                Driver_CreateThread
 .text.Driver_DestroyThread
                0x1000d268       0x20 ./wifi_qca/common_src/driver/driver_main.o
                0x1000d268                Driver_DestroyThread
 .text.Driver_WakeDriver
                0x1000d288       0x1a ./wifi_qca/common_src/driver/driver_main.o
                0x1000d288                Driver_WakeDriver
 .text.Driver_WakeUser
                0x1000d2a2       0x1a ./wifi_qca/common_src/driver/driver_main.o
                0x1000d2a2                Driver_WakeUser
 .text.Driver_RxComplete
                0x1000d2bc       0x4c ./wifi_qca/common_src/driver/driver_txrx.o
                0x1000d2bc                Driver_RxComplete
 .text.Driver_TxComplete
                0x1000d308       0x20 ./wifi_qca/common_src/driver/driver_txrx.o
 .text.Driver_PostProcessRequest
                0x1000d328       0x4c ./wifi_qca/common_src/driver/driver_txrx.o
 .text.Driver_SubmitTxRequest
                0x1000d374       0xd4 ./wifi_qca/common_src/driver/driver_txrx.o
                0x1000d374                Driver_SubmitTxRequest
 .text.Driver_SendPacket
                0x1000d448       0xb8 ./wifi_qca/common_src/driver/driver_txrx.o
                0x1000d448                Driver_SendPacket
 .text.Driver_RecvPacket
                0x1000d500       0x62 ./wifi_qca/common_src/driver/driver_txrx.o
                0x1000d500                Driver_RecvPacket
 *fill*         0x1000d562        0x2 ff
 .text.bmiBufferSend
                0x1000d564      0x118 ./wifi_qca/common_src/bmi/bmi.o
 .text.bmiBufferReceive
                0x1000d67c       0xe4 ./wifi_qca/common_src/bmi/bmi.o
 .text.BMIInit  0x1000d760       0x74 ./wifi_qca/common_src/bmi/bmi.o
                0x1000d760                BMIInit
 .text.BMIDone  0x1000d7d4       0x88 ./wifi_qca/common_src/bmi/bmi.o
                0x1000d7d4                BMIDone
 .text.BMIGetTargetInfo
                0x1000d85c       0xd0 ./wifi_qca/common_src/bmi/bmi.o
                0x1000d85c                BMIGetTargetInfo
 .text.BMIWriteMemory
                0x1000d92c      0x128 ./wifi_qca/common_src/bmi/bmi.o
                0x1000d92c                BMIWriteMemory
 .text.BMIExecute
                0x1000da54       0xc4 ./wifi_qca/common_src/bmi/bmi.o
                0x1000da54                BMIExecute
 .text.Api_BootProfile
                0x1000db18       0x2c ./wifi_qca/common_src/api_interface/api_init.o
                0x1000db18                Api_BootProfile
 .text.Api_InitStart
                0x1000db44       0x40 ./wifi_qca/common_src/api_interface/api_init.o
                0x1000db44                Api_InitStart
 .text.Api_InitFinish
                0x1000db84       0x80 ./wifi_qca/common_src/api_interface/api_init.o
                0x1000db84                Api_InitFinish
 .text.wmi_cmd_process
                0x1000dc04       0x88 ./wifi_qca/common_src/api_interface/api_init.o
 .text.Api_WMIInitFinish
                0x1000dc8c       0xcc ./wifi_qca/common_src/api_interface/api_init.o
                0x1000dc8c                Api_WMIInitFinish
 .text.Program_CountryCode
                0x1000dd58      0x1e8 ./wifi_qca/common_src/api_interface/api_ioctl.o
                0x1000dd58                Program_CountryCode
 .text.Api_ProgramCountryCode
                0x1000df40      0x114 ./wifi_qca/common_src/api_interface/api_ioctl.o
                0x1000df40                Api_ProgramCountryCode
 .text.program_mac_addr
                0x1000e054      0x288 ./wifi_qca/common_src/api_interface/api_ioctl.o
 .text.Install_static_wep_keys
                0x1000e2dc      0x120 ./wifi_qca/common_src/api_interface/api_ioctl.o
 .text.Api_DisconnectWiFi
                0x1000e3fc      0x188 ./wifi_qca/common_src/api_interface/api_ioctl.o
                0x1000e3fc                Api_DisconnectWiFi
 .text.Api_ConnectWiFi
                0x1000e584      0x442 ./wifi_qca/common_src/api_interface/api_ioctl.o
                0x1000e584                Api_ConnectWiFi
 *fill*         0x1000e9c6        0x2 ff
 .text.wpa_auth_parse
                0x1000e9c8       0x60 ./wifi_qca/common_src/api_interface/api_ioctl.o
 .text.wpa_cipher_parse
                0x1000ea28       0xa0 ./wifi_qca/common_src/api_interface/api_ioctl.o
 .text.rsn_cipher_parse
                0x1000eac8       0xa0 ./wifi_qca/common_src/api_interface/api_ioctl.o
 .text.rsn_auth_parse
                0x1000eb68       0x60 ./wifi_qca/common_src/api_interface/api_ioctl.o
 .text.security_ie_parse
                0x1000ebc8      0x1c6 ./wifi_qca/common_src/api_interface/api_ioctl.o
 *fill*         0x1000ed8e        0x2 ff
 .text.Api_ParseInfoElem
                0x1000ed90      0x240 ./wifi_qca/common_src/api_interface/api_ioctl.o
                0x1000ed90                Api_ParseInfoElem
 .text.Api_DriverAccessCheck
                0x1000efd0       0xb4 ./wifi_qca/common_src/api_interface/api_ioctl.o
                0x1000efd0                Api_DriverAccessCheck
 .text.Api_ProgramMacAddress
                0x1000f084      0x148 ./wifi_qca/common_src/api_interface/api_ioctl.o
                0x1000f084                Api_ProgramMacAddress
 .text.Api_SetPowerMode
                0x1000f1cc       0xb6 ./wifi_qca/common_src/api_interface/api_ioctl.o
                0x1000f1cc                Api_SetPowerMode
 .text.wait_scan_done
                0x1000f282       0x56 ./wifi_qca/common_src/api_interface/api_ioctl.o
                0x1000f282                wait_scan_done
 .text.scan_setup
                0x1000f2d8      0x1ac ./wifi_qca/common_src/api_interface/api_ioctl.o
                0x1000f2d8                scan_setup
 .text.Util_Ascii2Hex
                0x1000f484       0x5e ./wifi_qca/common_src/api_interface/api_ioctl.o
                0x1000f484                Util_Ascii2Hex
 .text.TxRawPacket
                0x1000f4e2       0xb6 ./wifi_qca/common_src/api_interface/api_ioctl.o
                0x1000f4e2                TxRawPacket
 .text.query_credit_deficit
                0x1000f598       0x52 ./wifi_qca/common_src/api_interface/api_txrx.o
 *fill*         0x1000f5ea        0x2 ff
 .text.Api_TxGetStatus
                0x1000f5ec       0x84 ./wifi_qca/common_src/api_interface/api_txrx.o
                0x1000f5ec                Api_TxGetStatus
 .text.Api_TxComplete
                0x1000f670       0x3c ./wifi_qca/common_src/api_interface/api_txrx.o
                0x1000f670                Api_TxComplete
 .text.Api_RxComplete
                0x1000f6ac      0x218 ./wifi_qca/common_src/api_interface/api_txrx.o
                0x1000f6ac                Api_RxComplete
 .text.Api_WmiTxStart
                0x1000f8c4       0x42 ./wifi_qca/common_src/api_interface/api_txrx.o
                0x1000f8c4                Api_WmiTxStart
 .text.Api_DataTxStart
                0x1000f906      0x138 ./wifi_qca/common_src/api_interface/api_txrx.o
                0x1000f906                Api_DataTxStart
 .text.Api_TargetStatsEvent
                0x1000fa3e       0x44 ./wifi_qca/common_src/api_interface/api_wmi_rx.o
                0x1000fa3e                Api_TargetStatsEvent
 .text.Api_RegDomainEvent
                0x1000fa82       0x1c ./wifi_qca/common_src/api_interface/api_wmi_rx.o
                0x1000fa82                Api_RegDomainEvent
 .text.Api_GetBitRateEvent
                0x1000fa9e       0x28 ./wifi_qca/common_src/api_interface/api_wmi_rx.o
                0x1000fa9e                Api_GetBitRateEvent
 .text.Api_ChannelListEvent
                0x1000fac6       0x86 ./wifi_qca/common_src/api_interface/api_wmi_rx.o
                0x1000fac6                Api_ChannelListEvent
 .text.Api_ScanCompleteEvent
                0x1000fb4c       0x46 ./wifi_qca/common_src/api_interface/api_wmi_rx.o
                0x1000fb4c                Api_ScanCompleteEvent
 .text.Api_BssInfoEvent
                0x1000fb92       0x22 ./wifi_qca/common_src/api_interface/api_wmi_rx.o
                0x1000fb92                Api_BssInfoEvent
 .text.Api_TkipMicErrorEvent
                0x1000fbb4       0x4e ./wifi_qca/common_src/api_interface/api_wmi_rx.o
                0x1000fbb4                Api_TkipMicErrorEvent
 .text.Api_GetPmkEvent
                0x1000fc02       0x5a ./wifi_qca/common_src/api_interface/api_wmi_rx.o
                0x1000fc02                Api_GetPmkEvent
 .text.Api_ConnectEvent
                0x1000fc5c      0x21c ./wifi_qca/common_src/api_interface/api_wmi_rx.o
                0x1000fc5c                Api_ConnectEvent
 .text.Api_DisconnectEvent
                0x1000fe78      0x15a ./wifi_qca/common_src/api_interface/api_wmi_rx.o
                0x1000fe78                Api_DisconnectEvent
 *fill*         0x1000ffd2        0x2 ff
 .text.Api_HostDsetStoreEvent
                0x1000ffd4       0x94 ./wifi_qca/common_src/api_interface/api_wmi_rx.o
                0x1000ffd4                Api_HostDsetStoreEvent
 .text.Api_HostDsetCreateEvent
                0x10010068       0xb0 ./wifi_qca/common_src/api_interface/api_wmi_rx.o
                0x10010068                Api_HostDsetCreateEvent
 .text.Api_HostDsetWriteEvent
                0x10010118       0xcc ./wifi_qca/common_src/api_interface/api_wmi_rx.o
                0x10010118                Api_HostDsetWriteEvent
 .text.Api_HostDsetReadbackEvent
                0x100101e4      0x138 ./wifi_qca/common_src/api_interface/api_wmi_rx.o
                0x100101e4                Api_HostDsetReadbackEvent
 .text.Api_HostDsetSyncEvent
                0x1001031c       0xb0 ./wifi_qca/common_src/api_interface/api_wmi_rx.o
                0x1001031c                Api_HostDsetSyncEvent
 .text.Api_HostDsetReadEvent
                0x100103cc       0x8c ./wifi_qca/common_src/api_interface/api_wmi_rx.o
                0x100103cc                Api_HostDsetReadEvent
 .text.Api_dset_read_event
                0x10010458       0x96 ./wifi_qca/common_src/api_interface/api_wmi_rx.o
                0x10010458                Api_dset_read_event
 *fill*         0x100104ee        0x2 ff
 .text.Api_DsetOPEvent
                0x100104f0      0x22c ./wifi_qca/common_src/api_interface/api_wmi_rx.o
                0x100104f0                Api_DsetOPEvent
 .text.Api_StoreRecallEvent
                0x1001071c       0xa4 ./wifi_qca/common_src/api_interface/api_wmi_rx.o
                0x1001071c                Api_StoreRecallEvent
 .text.Api_StoreRecallStartEvent
                0x100107c0       0x56 ./wifi_qca/common_src/api_interface/api_wmi_rx.o
                0x100107c0                Api_StoreRecallStartEvent
 .text.Api_WpsProfileEvent
                0x10010816       0x98 ./wifi_qca/common_src/api_interface/api_wmi_rx.o
                0x10010816                Api_WpsProfileEvent
 .text.Api_AggrRecvAddbaReqEvent
                0x100108ae       0x42 ./wifi_qca/common_src/api_interface/api_wmi_rx.o
                0x100108ae                Api_AggrRecvAddbaReqEvent
 .text.Api_AggrRecvDelbaReqEvent
                0x100108f0       0x2a ./wifi_qca/common_src/api_interface/api_wmi_rx.o
                0x100108f0                Api_AggrRecvDelbaReqEvent
 *fill*         0x1001091a        0x2 ff
 .text.Api_ReadyEvent
                0x1001091c       0x70 ./wifi_qca/common_src/api_interface/api_wmi_rx.o
                0x1001091c                Api_ReadyEvent
 .text.Api_RSNASuccessEvent
                0x1001098c       0x2a ./wifi_qca/common_src/api_interface/api_wmi_rx.o
                0x1001098c                Api_RSNASuccessEvent
 .text.Api_GetTemperatureReply
                0x100109b6       0x3e ./wifi_qca/common_src/api_interface/api_wmi_rx.o
                0x100109b6                Api_GetTemperatureReply
 .text.Api_GetWpsInitReply
                0x100109f4       0x2c ./wifi_qca/common_src/api_interface/api_wmi_rx.o
                0x100109f4                Api_GetWpsInitReply
 .text.Api_GetCountryCodeReply
                0x10010a20       0x3a ./wifi_qca/common_src/api_interface/api_wmi_rx.o
                0x10010a20                Api_GetCountryCodeReply
 .text.Api_GetSetParamReply
                0x10010a5a       0x36 ./wifi_qca/common_src/api_interface/api_wmi_rx.o
                0x10010a5a                Api_GetSetParamReply
 .text.p2p_go_neg_event
                0x10010a90       0x2a ./wifi_qca/common_src/api_interface/api_wmi_rx.o
                0x10010a90                p2p_go_neg_event
 .text.p2p_invite_sent_result_event
                0x10010aba       0x26 ./wifi_qca/common_src/api_interface/api_wmi_rx.o
                0x10010aba                p2p_invite_sent_result_event
 .text.p2p_node_list_event
                0x10010ae0       0x26 ./wifi_qca/common_src/api_interface/api_wmi_rx.o
                0x10010ae0                p2p_node_list_event
 .text.p2p_list_persistent_network_event
                0x10010b06       0x26 ./wifi_qca/common_src/api_interface/api_wmi_rx.o
                0x10010b06                p2p_list_persistent_network_event
 .text.p2p_req_auth_event
                0x10010b2c       0x26 ./wifi_qca/common_src/api_interface/api_wmi_rx.o
                0x10010b2c                p2p_req_auth_event
 .text.get_p2p_ctx
                0x10010b52       0x26 ./wifi_qca/common_src/api_interface/api_wmi_rx.o
                0x10010b52                get_p2p_ctx
 .text.get_p2p_prov_disc_req
                0x10010b78       0x26 ./wifi_qca/common_src/api_interface/api_wmi_rx.o
                0x10010b78                get_p2p_prov_disc_req
 .text.get_p2p_serv_disc_req
                0x10010b9e       0x26 ./wifi_qca/common_src/api_interface/api_wmi_rx.o
                0x10010b9e                get_p2p_serv_disc_req
 .text.p2p_invite_req_rx
                0x10010bc4       0x2e ./wifi_qca/common_src/api_interface/api_wmi_rx.o
                0x10010bc4                p2p_invite_req_rx
 .text.p2p_invite_rcvd_result_ev
                0x10010bf2       0x26 ./wifi_qca/common_src/api_interface/api_wmi_rx.o
                0x10010bf2                p2p_invite_rcvd_result_ev
 .text.Api_TestCmdEventRx
                0x10010c18       0x36 ./wifi_qca/common_src/api_interface/api_wmi_rx.o
                0x10010c18                Api_TestCmdEventRx
 .text.Api_RxDbglogEvent
                0x10010c4e       0x14 ./wifi_qca/common_src/api_interface/api_wmi_rx.o
                0x10010c4e                Api_RxDbglogEvent
 .text.Api_RxGpioDataEvent
                0x10010c62       0x22 ./wifi_qca/common_src/api_interface/api_wmi_rx.o
                0x10010c62                Api_RxGpioDataEvent
 .text.Api_RxHBChallengeEvent
                0x10010c84       0x3e ./wifi_qca/common_src/api_interface/api_wmi_rx.o
                0x10010c84                Api_RxHBChallengeEvent
 .text.Api_RxPfmDataEvent
                0x10010cc2       0x22 ./wifi_qca/common_src/api_interface/api_wmi_rx.o
                0x10010cc2                Api_RxPfmDataEvent
 .text.Api_RxPfmDataDoneEvent
                0x10010ce4       0x22 ./wifi_qca/common_src/api_interface/api_wmi_rx.o
                0x10010ce4                Api_RxPfmDataDoneEvent
 .text.Api_p2p_go_neg_event
                0x10010d06       0xa0 ./wifi_qca/common_src/api_interface/api_wmi_rx.o
                0x10010d06                Api_p2p_go_neg_event
 .text.Api_p2p_node_list_event
                0x10010da6       0xa8 ./wifi_qca/common_src/api_interface/api_wmi_rx.o
                0x10010da6                Api_p2p_node_list_event
 .text.Api_p2p_req_auth_event
                0x10010e4e       0x88 ./wifi_qca/common_src/api_interface/api_wmi_rx.o
                0x10010e4e                Api_p2p_req_auth_event
 .text.Api_p2p_list_persistent_network_event
                0x10010ed6       0x8e ./wifi_qca/common_src/api_interface/api_wmi_rx.o
                0x10010ed6                Api_p2p_list_persistent_network_event
 .text.Api_get_p2p_ctx
                0x10010f64       0x88 ./wifi_qca/common_src/api_interface/api_wmi_rx.o
                0x10010f64                Api_get_p2p_ctx
 .text.Api_p2p_prov_disc_req
                0x10010fec       0x88 ./wifi_qca/common_src/api_interface/api_wmi_rx.o
                0x10010fec                Api_p2p_prov_disc_req
 .text.Api_p2p_serv_disc_req
                0x10011074       0x88 ./wifi_qca/common_src/api_interface/api_wmi_rx.o
                0x10011074                Api_p2p_serv_disc_req
 .text.Api_p2p_invite_req
                0x100110fc       0x88 ./wifi_qca/common_src/api_interface/api_wmi_rx.o
                0x100110fc                Api_p2p_invite_req
 .text.Api_p2p_invite_rcvd_result
                0x10011184       0x88 ./wifi_qca/common_src/api_interface/api_wmi_rx.o
                0x10011184                Api_p2p_invite_rcvd_result
 .text.Api_p2p_invite_send_result
                0x1001120c       0x88 ./wifi_qca/common_src/api_interface/api_wmi_rx.o
                0x1001120c                Api_p2p_invite_send_result
 .text.Api_Test_Cmd_Event
                0x10011294       0x2e ./wifi_qca/common_src/api_interface/api_wmi_rx.o
                0x10011294                Api_Test_Cmd_Event
 .text.Api_ProbeReqEvent
                0x100112c2       0x1c ./wifi_qca/common_src/api_interface/api_wmi_rx.o
                0x100112c2                Api_ProbeReqEvent
 *fill*         0x100112de        0x2 ff
 .text.DbgConsole_Init
                0x100112e0       0x3c ./utilities/fsl_debug_console.o
                0x100112e0                DbgConsole_Init
 .text.DbgConsole_Printf
                0x1001131c       0x4c ./utilities/fsl_debug_console.o
                0x1001131c                DbgConsole_Printf
 .text.DbgConsole_RelocateLog
                0x10011368       0x66 ./utilities/fsl_debug_console.o
 *fill*         0x100113ce        0x2 ff
 .text.IO_Init  0x100113d0       0x70 ./utilities/fsl_io.o
                0x100113d0                IO_Init
 .text.IO_Transfer
                0x10011440       0x8c ./utilities/fsl_io.o
                0x10011440                IO_Transfer
 .text.LOG_Init
                0x100114cc       0x32 ./utilities/fsl_log.o
                0x100114cc                LOG_Init
 *fill*         0x100114fe        0x2 ff
 .text.LOG_Push
                0x10011500       0x2c ./utilities/fsl_log.o
                0x10011500                LOG_Push
 .text.LOG_Pop  0x1001152c       0x46 ./utilities/fsl_log.o
                0x1001152c                LOG_Pop
 .text.ConvertRadixNumToString
                0x10011572      0x10a ./utilities/fsl_str.o
 .text.StrFormatPrintf
                0x1001167c      0x338 ./utilities/fsl_str.o
                0x1001167c                StrFormatPrintf
 .text.USB_DeviceCh9GetStatus
                0x100119b4       0xf0 ./utilities/usb_device_ch9.o
 .text.USB_DeviceCh9SetClearFeature
                0x10011aa4       0xdc ./utilities/usb_device_ch9.o
 .text.USB_DeviceCh9SetAddress
                0x10011b80       0xa4 ./utilities/usb_device_ch9.o
 .text.USB_DeviceCh9GetDescriptor
                0x10011c24       0x4c ./utilities/usb_device_ch9.o
 .text.USB_DeviceCh9GetConfiguration
                0x10011c70       0x50 ./utilities/usb_device_ch9.o
 .text.USB_DeviceCh9SetConfiguration
                0x10011cc0       0x76 ./utilities/usb_device_ch9.o
 *fill*         0x10011d36        0x2 ff
 .text.USB_DeviceCh9GetInterface
                0x10011d38       0x58 ./utilities/usb_device_ch9.o
 .text.USB_DeviceCh9SetInterface
                0x10011d90       0x44 ./utilities/usb_device_ch9.o
 .text.USB_DeviceCh9SynchFrame
                0x10011dd4       0x64 ./utilities/usb_device_ch9.o
 .text.USB_DeviceControlCallbackFeedback
                0x10011e38       0xcc ./utilities/usb_device_ch9.o
 .text.USB_DeviceControlCallback
                0x10011f04      0x1f4 ./utilities/usb_device_ch9.o
                0x10011f04                USB_DeviceControlCallback
 .text.USB_DeviceControlPipeInit
                0x100120f8       0x84 ./utilities/usb_device_ch9.o
                0x100120f8                USB_DeviceControlPipeInit
 .text.USB_DeviceGetDescriptor
                0x1001217c      0x13c ./utilities/usb_device_descriptor.o
                0x1001217c                USB_DeviceGetDescriptor
 .text.USB_DeviceSetConfigure
                0x100122b8       0x3c ./utilities/usb_device_descriptor.o
                0x100122b8                USB_DeviceSetConfigure
 .text.USB_DeviceGetConfigure
                0x100122f4       0x1c ./utilities/usb_device_descriptor.o
                0x100122f4                USB_DeviceGetConfigure
 .text.USB_DeviceSetInterface
                0x10012310       0x3c ./utilities/usb_device_descriptor.o
                0x10012310                USB_DeviceSetInterface
 .text.USB_DeviceGetInterface
                0x1001234c       0x24 ./utilities/usb_device_descriptor.o
                0x1001234c                USB_DeviceGetInterface
 .text.USB_DeviceSetSpeed
                0x10012370       0xdc ./utilities/usb_device_descriptor.o
                0x10012370                USB_DeviceSetSpeed
 .text.__NVIC_EnableIRQ
                0x1001244c       0x34 ./utilities/virtual_com.o
 .text.__NVIC_SetPriority
                0x10012480       0x50 ./utilities/virtual_com.o
 .text.USB_DeviceCdcAcmInterruptIn
                0x100124d0       0x18 ./utilities/virtual_com.o
                0x100124d0                USB_DeviceCdcAcmInterruptIn
 .text.USB_DeviceCdcAcmBulkIn
                0x100124e8       0xb0 ./utilities/virtual_com.o
                0x100124e8                USB_DeviceCdcAcmBulkIn
 .text.USB_DeviceCdcAcmBulkOut
                0x10012598       0x40 ./utilities/virtual_com.o
                0x10012598                USB_DeviceCdcAcmBulkOut
 .text.USB_DeviceGetSetupBuffer
                0x100125d8       0x24 ./utilities/virtual_com.o
                0x100125d8                USB_DeviceGetSetupBuffer
 .text.USB_DeviceGetClassReceiveBuffer
                0x100125fc       0x30 ./utilities/virtual_com.o
                0x100125fc                USB_DeviceGetClassReceiveBuffer
 .text.USB_DeviceConfigureRemoteWakeup
                0x1001262c       0x12 ./utilities/virtual_com.o
                0x1001262c                USB_DeviceConfigureRemoteWakeup
 *fill*         0x1001263e        0x2 ff
 .text.USB_DeviceProcessClassRequest
                0x10012640      0x268 ./utilities/virtual_com.o
                0x10012640                USB_DeviceProcessClassRequest
 .text.USB_DeviceCallback
                0x100128a8      0x174 ./utilities/virtual_com.o
                0x100128a8                USB_DeviceCallback
 .text.USB_DeviceConfigureEndpointStatus
                0x10012a1c       0x40 ./utilities/virtual_com.o
                0x10012a1c                USB_DeviceConfigureEndpointStatus
 .text.USB1_IRQHandler
                0x10012a5c       0x14 ./utilities/virtual_com.o
                0x10012a5c                USB1_IRQHandler
 .text.USB_VcomWriteBlocking
                0x10012a70       0x54 ./utilities/virtual_com.o
                0x10012a70                USB_VcomWriteBlocking
 .text.USB_VcomReadBlocking
                0x10012ac4       0xa8 ./utilities/virtual_com.o
                0x10012ac4                USB_VcomReadBlocking
 .text.USB_VcomInit
                0x10012b6c       0xa0 ./utilities/virtual_com.o
                0x10012b6c                USB_VcomInit
 .text.USB_DeviceLpcIp3511MaxPacketNeedCopy
                0x10012c0c        0xc ./usb/device/source/lpcip3511/usb_device_lpcip3511.o
 .text.USB_DeviceLpcIp3511MallocMaxPacketBuffer
                0x10012c18      0x11a ./usb/device/source/lpcip3511/usb_device_lpcip3511.o
 .text.USB_DeviceLpcIp3511ReleaseMaxPacketBuffer
                0x10012d32       0xb0 ./usb/device/source/lpcip3511/usb_device_lpcip3511.o
 .text.USB_DeviceLpc3511IpGetEndpointStateStruct
                0x10012de2       0x30 ./usb/device/source/lpcip3511/usb_device_lpcip3511.o
 .text.USB_DeviceLpc3511IpEndpointPrime
                0x10012e12      0x162 ./usb/device/source/lpcip3511/usb_device_lpcip3511.o
 .text.USB_DeviceLpc3511IpSetDefaultState
                0x10012f74       0xcc ./usb/device/source/lpcip3511/usb_device_lpcip3511.o
 .text.USB_DeviceLpc3511IpEndpointInit
                0x10013040      0x1c8 ./usb/device/source/lpcip3511/usb_device_lpcip3511.o
 .text.USB_DeviceLpc3511IpEndpointDeinit
                0x10013208       0xce ./usb/device/source/lpcip3511/usb_device_lpcip3511.o
 .text.USB_DeviceLpc3511IpEndpointStall
                0x100132d6       0xfc ./usb/device/source/lpcip3511/usb_device_lpcip3511.o
 .text.USB_DeviceLpc3511IpEndpointUnstall
                0x100133d2      0x12a ./usb/device/source/lpcip3511/usb_device_lpcip3511.o
 .text.USB_DeviceLpc3511IpTokenUpdate
                0x100134fc      0x1ac ./usb/device/source/lpcip3511/usb_device_lpcip3511.o
 .text.USB_DeviceLpc3511IpInterruptToken
                0x100136a8      0x3b2 ./usb/device/source/lpcip3511/usb_device_lpcip3511.o
 .text.USB_DeviceLpc3511IpInterruptReset
                0x10013a5a       0x84 ./usb/device/source/lpcip3511/usb_device_lpcip3511.o
 *fill*         0x10013ade        0x2 ff
 .text.USB_DeviceLpc3511IpInit
                0x10013ae0      0x1c0 ./usb/device/source/lpcip3511/usb_device_lpcip3511.o
                0x10013ae0                USB_DeviceLpc3511IpInit
 .text.USB_DeviceLpc3511IpDeinit
                0x10013ca0       0x60 ./usb/device/source/lpcip3511/usb_device_lpcip3511.o
                0x10013ca0                USB_DeviceLpc3511IpDeinit
 .text.USB_DeviceLpc3511IpGetActualBufferAndPrime
                0x10013d00      0x194 ./usb/device/source/lpcip3511/usb_device_lpcip3511.o
 .text.USB_DeviceLpc3511IpTransaction
                0x10013e94      0x1e2 ./usb/device/source/lpcip3511/usb_device_lpcip3511.o
 .text.USB_DeviceLpc3511IpSend
                0x10014076       0x86 ./usb/device/source/lpcip3511/usb_device_lpcip3511.o
                0x10014076                USB_DeviceLpc3511IpSend
 .text.USB_DeviceLpc3511IpRecv
                0x100140fc       0x28 ./usb/device/source/lpcip3511/usb_device_lpcip3511.o
                0x100140fc                USB_DeviceLpc3511IpRecv
 .text.USB_DeviceLpc3511IpCancel
                0x10014124      0x248 ./usb/device/source/lpcip3511/usb_device_lpcip3511.o
                0x10014124                USB_DeviceLpc3511IpCancel
 .text.USB_DeviceLpc3511IpControl
                0x1001436c      0x26c ./usb/device/source/lpcip3511/usb_device_lpcip3511.o
                0x1001436c                USB_DeviceLpc3511IpControl
 .text.USB_DeviceLpcIp3511IsrFunction
                0x100145d8      0x156 ./usb/device/source/lpcip3511/usb_device_lpcip3511.o
                0x100145d8                USB_DeviceLpcIp3511IsrFunction
 *fill*         0x1001472e        0x2 ff
 .text.USB_DeviceAllocateHandle
                0x10014730       0xd8 ./usb/device/source/usb_device_dci.o
 .text.USB_DeviceFreeHandle
                0x10014808       0x32 ./usb/device/source/usb_device_dci.o
 *fill*         0x1001483a        0x2 ff
 .text.USB_DeviceGetControllerInterface
                0x1001483c       0x38 ./usb/device/source/usb_device_dci.o
 .text.USB_DeviceTransfer
                0x10014874      0x134 ./usb/device/source/usb_device_dci.o
 .text.USB_DeviceControl
                0x100149a8       0x56 ./usb/device/source/usb_device_dci.o
 .text.USB_DeviceResetNotification
                0x100149fe       0x96 ./usb/device/source/usb_device_dci.o
 .text.USB_DeviceNotification
                0x10014a94      0x118 ./usb/device/source/usb_device_dci.o
 .text.USB_DeviceNotificationTrigger
                0x10014bac       0x3e ./usb/device/source/usb_device_dci.o
                0x10014bac                USB_DeviceNotificationTrigger
 .text.USB_DeviceInit
                0x10014bea      0x180 ./usb/device/source/usb_device_dci.o
                0x10014bea                USB_DeviceInit
 .text.USB_DeviceRun
                0x10014d6a       0x1a ./usb/device/source/usb_device_dci.o
                0x10014d6a                USB_DeviceRun
 .text.USB_DeviceDeinit
                0x10014d84       0x40 ./usb/device/source/usb_device_dci.o
                0x10014d84                USB_DeviceDeinit
 .text.USB_DeviceSendRequest
                0x10014dc4       0x34 ./usb/device/source/usb_device_dci.o
                0x10014dc4                USB_DeviceSendRequest
 .text.USB_DeviceRecvRequest
                0x10014df8       0x2e ./usb/device/source/usb_device_dci.o
                0x10014df8                USB_DeviceRecvRequest
 .text.USB_DeviceInitEndpoint
                0x10014e26       0xce ./usb/device/source/usb_device_dci.o
                0x10014e26                USB_DeviceInitEndpoint
 .text.USB_DeviceDeinitEndpoint
                0x10014ef4       0xce ./usb/device/source/usb_device_dci.o
                0x10014ef4                USB_DeviceDeinitEndpoint
 .text.USB_DeviceStallEndpoint
                0x10014fc2       0x34 ./usb/device/source/usb_device_dci.o
                0x10014fc2                USB_DeviceStallEndpoint
 .text.USB_DeviceUnstallEndpoint
                0x10014ff6       0x34 ./usb/device/source/usb_device_dci.o
                0x10014ff6                USB_DeviceUnstallEndpoint
 *fill*         0x1001502a        0x2 ff
 .text.USB_DeviceGetStatus
                0x1001502c       0xe0 ./usb/device/source/usb_device_dci.o
                0x1001502c                USB_DeviceGetStatus
 .text.USB_DeviceSetStatus
                0x1001510c      0x11c ./usb/device/source/usb_device_dci.o
                0x1001510c                USB_DeviceSetStatus
 .text.WDT_BOD_IRQHandler
                0x10015228        0x8 ./startup/startup_lpc54018.o
                0x10015228                WDT_BOD_IRQHandler
 .text.DMA0_IRQHandler
                0x10015230        0x8 ./startup/startup_lpc54018.o
                0x10015230                DMA0_IRQHandler
 .text.GINT0_IRQHandler
                0x10015238        0x8 ./startup/startup_lpc54018.o
                0x10015238                GINT0_IRQHandler
 .text.GINT1_IRQHandler
                0x10015240        0x8 ./startup/startup_lpc54018.o
                0x10015240                GINT1_IRQHandler
 .text.PIN_INT0_IRQHandler
                0x10015248        0x8 ./startup/startup_lpc54018.o
                0x10015248                PIN_INT0_IRQHandler
 .text.PIN_INT1_IRQHandler
                0x10015250        0x8 ./startup/startup_lpc54018.o
                0x10015250                PIN_INT1_IRQHandler
 .text.PIN_INT2_IRQHandler
                0x10015258        0x8 ./startup/startup_lpc54018.o
                0x10015258                PIN_INT2_IRQHandler
 .text.PIN_INT3_IRQHandler
                0x10015260        0x8 ./startup/startup_lpc54018.o
                0x10015260                PIN_INT3_IRQHandler
 .text.UTICK0_IRQHandler
                0x10015268        0x8 ./startup/startup_lpc54018.o
                0x10015268                UTICK0_IRQHandler
 .text.MRT0_IRQHandler
                0x10015270        0x8 ./startup/startup_lpc54018.o
                0x10015270                MRT0_IRQHandler
 .text.CTIMER0_IRQHandler
                0x10015278        0x8 ./startup/startup_lpc54018.o
                0x10015278                CTIMER0_IRQHandler
 .text.CTIMER1_IRQHandler
                0x10015280        0x8 ./startup/startup_lpc54018.o
                0x10015280                CTIMER1_IRQHandler
 .text.SCT0_IRQHandler
                0x10015288        0x8 ./startup/startup_lpc54018.o
                0x10015288                SCT0_IRQHandler
 .text.CTIMER3_IRQHandler
                0x10015290        0x8 ./startup/startup_lpc54018.o
                0x10015290                CTIMER3_IRQHandler
 .text.FLEXCOMM0_IRQHandler
                0x10015298        0x8 ./startup/startup_lpc54018.o
                0x10015298                FLEXCOMM0_IRQHandler
 .text.FLEXCOMM1_IRQHandler
                0x100152a0        0x8 ./startup/startup_lpc54018.o
                0x100152a0                FLEXCOMM1_IRQHandler
 .text.FLEXCOMM2_IRQHandler
                0x100152a8        0x8 ./startup/startup_lpc54018.o
                0x100152a8                FLEXCOMM2_IRQHandler
 .text.FLEXCOMM3_IRQHandler
                0x100152b0        0x8 ./startup/startup_lpc54018.o
                0x100152b0                FLEXCOMM3_IRQHandler
 .text.FLEXCOMM4_IRQHandler
                0x100152b8        0x8 ./startup/startup_lpc54018.o
                0x100152b8                FLEXCOMM4_IRQHandler
 .text.FLEXCOMM5_IRQHandler
                0x100152c0        0x8 ./startup/startup_lpc54018.o
                0x100152c0                FLEXCOMM5_IRQHandler
 .text.FLEXCOMM6_IRQHandler
                0x100152c8        0x8 ./startup/startup_lpc54018.o
                0x100152c8                FLEXCOMM6_IRQHandler
 .text.FLEXCOMM7_IRQHandler
                0x100152d0        0x8 ./startup/startup_lpc54018.o
                0x100152d0                FLEXCOMM7_IRQHandler
 .text.ADC0_SEQA_IRQHandler
                0x100152d8        0x8 ./startup/startup_lpc54018.o
                0x100152d8                ADC0_SEQA_IRQHandler
 .text.ADC0_SEQB_IRQHandler
                0x100152e0        0x8 ./startup/startup_lpc54018.o
                0x100152e0                ADC0_SEQB_IRQHandler
 .text.ADC0_THCMP_IRQHandler
                0x100152e8        0x8 ./startup/startup_lpc54018.o
                0x100152e8                ADC0_THCMP_IRQHandler
 .text.DMIC0_IRQHandler
                0x100152f0        0x8 ./startup/startup_lpc54018.o
                0x100152f0                DMIC0_IRQHandler
 .text.HWVAD0_IRQHandler
                0x100152f8        0x8 ./startup/startup_lpc54018.o
                0x100152f8                HWVAD0_IRQHandler
 .text.USB0_NEEDCLK_IRQHandler
                0x10015300        0x8 ./startup/startup_lpc54018.o
                0x10015300                USB0_NEEDCLK_IRQHandler
 .text.USB0_IRQHandler
                0x10015308        0x8 ./startup/startup_lpc54018.o
                0x10015308                USB0_IRQHandler
 .text.RTC_IRQHandler
                0x10015310        0x8 ./startup/startup_lpc54018.o
                0x10015310                RTC_IRQHandler
 .text.FLEXCOMM10_IRQHandler
                0x10015318        0x8 ./startup/startup_lpc54018.o
                0x10015318                FLEXCOMM10_IRQHandler
 .text.Reserved47_IRQHandler
                0x10015320        0x8 ./startup/startup_lpc54018.o
                0x10015320                Reserved47_IRQHandler
 .text.PIN_INT4_IRQHandler
                0x10015328        0x8 ./startup/startup_lpc54018.o
                0x10015328                PIN_INT4_IRQHandler
 .text.PIN_INT5_IRQHandler
                0x10015330        0x8 ./startup/startup_lpc54018.o
                0x10015330                PIN_INT5_IRQHandler
 .text.PIN_INT6_IRQHandler
                0x10015338        0x8 ./startup/startup_lpc54018.o
                0x10015338                PIN_INT6_IRQHandler
 .text.PIN_INT7_IRQHandler